Component: ARM Compiler 5.06 update 4 (build 422) Tool: armlink [4d35d2]

==============================================================================

Section Cross References

    system_stm32f0xx.o(i.SystemCoreClockUpdate) refers to uidiv.o(.text) for __aeabi_uidivmod
    system_stm32f0xx.o(i.SystemCoreClockUpdate) refers to system_stm32f0xx.o(.data) for SystemCoreClock
    system_stm32f0xx.o(i.SystemInit) refers to system_stm32f0xx.o(i.SetSysClock) for SetSysClock
    startup_stm32f051.o(RESET) refers to startup_stm32f051.o(STACK) for __initial_sp
    startup_stm32f051.o(RESET) refers to startup_stm32f051.o(.text) for Reset_Handler
    startup_stm32f051.o(RESET) refers to stm32f0xx_it.o(i.NMI_Handler) for NMI_Handler
    startup_stm32f051.o(RESET) refers to stm32f0xx_it.o(i.HardFault_Handler) for HardFault_Handler
    startup_stm32f051.o(RESET) refers to stm32f0xx_it.o(i.SVC_Handler) for SVC_Handler
    startup_stm32f051.o(RESET) refers to stm32f0xx_it.o(i.PendSV_Handler) for PendSV_Handler
    startup_stm32f051.o(RESET) refers to stm32f0xx_it.o(i.SysTick_Handler) for SysTick_Handler
    startup_stm32f051.o(RESET) refers to stm32f0xx_it.o(i.TIM14_IRQHandler) for TIM14_IRQHandler
    startup_stm32f051.o(RESET) refers to stm32f0xx_it.o(i.TIM17_IRQHandler) for TIM17_IRQHandler
    startup_stm32f051.o(RESET) refers to stm32f0xx_it.o(i.USART1_IRQHandler) for USART1_IRQHandler
    startup_stm32f051.o(RESET) refers to stm32f0xx_it.o(i.USART2_IRQHandler) for USART2_IRQHandler
    startup_stm32f051.o(.text) refers to startup_stm32f051.o(STACK) for __initial_sp
    startup_stm32f051.o(.text) refers to system_stm32f0xx.o(i.SystemInit) for SystemInit
    startup_stm32f051.o(.text) refers to entry.o(.ARM.Collect$$$$00000000) for __main
    main.o(i.SYSTICK_Callback) refers to main.o(.data) for Timer100ms
    main.o(i.main) refers to uart.o(i.UART_Init) for UART_Init
    main.o(i.main) refers to bldc.o(i.BLDC_init) for BLDC_init
    main.o(i.main) refers to a4988.o(i.A4988_Init) for A4988_Init
    main.o(i.main) refers to led.o(i.LED_Init) for LED_Init
    main.o(i.main) refers to limitsw.o(i.LimitSW_Init) for LimitSW_Init
    main.o(i.main) refers to uidiv.o(.text) for __aeabi_uidivmod
    main.o(i.main) refers to main.o(i.NVIC_SetPriority) for NVIC_SetPriority
    main.o(i.main) refers to printf8.o(i.__0printf$8) for __2printf
    main.o(i.main) refers to led.o(i.LED_Set) for LED_Set
    main.o(i.main) refers to communication.o(i.communication_callback) for communication_callback
    main.o(i.main) refers to bldc.o(i.BLDC_RPM_control) for BLDC_RPM_control
    main.o(i.main) refers to led.o(i.LED_Blinker) for LED_Blinker
    main.o(i.main) refers to system_stm32f0xx.o(.data) for SystemCoreClock
    main.o(i.main) refers to main.o(.data) for Tick100ms
    stm32f0xx_it.o(i.SysTick_Handler) refers to main.o(i.SYSTICK_Callback) for SYSTICK_Callback
    stm32f0xx_it.o(i.TIM14_IRQHandler) refers to stm32f0xx_tim.o(i.TIM_GetITStatus) for TIM_GetITStatus
    stm32f0xx_it.o(i.TIM14_IRQHandler) refers to stm32f0xx_tim.o(i.TIM_ClearITPendingBit) for TIM_ClearITPendingBit
    stm32f0xx_it.o(i.TIM14_IRQHandler) refers to a4988.o(i.STEP_PWM_Completed) for STEP_PWM_Completed
    stm32f0xx_it.o(i.TIM17_IRQHandler) refers to stm32f0xx_tim.o(i.TIM_GetITStatus) for TIM_GetITStatus
    stm32f0xx_it.o(i.TIM17_IRQHandler) refers to stm32f0xx_tim.o(i.TIM_ClearITPendingBit) for TIM_ClearITPendingBit
    stm32f0xx_it.o(i.TIM17_IRQHandler) refers to bldc.o(i.BLDC_FG_PulseDetected) for BLDC_FG_PulseDetected
    stm32f0xx_it.o(i.TIM17_IRQHandler) refers to bldc.o(i.BLDC_FG_PulseMissing) for BLDC_FG_PulseMissing
    stm32f0xx_it.o(i.USART1_IRQHandler) refers to stm32f0xx_usart.o(i.USART_GetITStatus) for USART_GetITStatus
    stm32f0xx_it.o(i.USART1_IRQHandler) refers to stm32f0xx_usart.o(i.USART_ReceiveData) for USART_ReceiveData
    stm32f0xx_it.o(i.USART1_IRQHandler) refers to communication.o(i.comm_receivedByte) for comm_receivedByte
    stm32f0xx_it.o(i.USART2_IRQHandler) refers to stm32f0xx_usart.o(i.USART_GetITStatus) for USART_GetITStatus
    stm32f0xx_it.o(i.USART2_IRQHandler) refers to stm32f0xx_usart.o(i.USART_ReceiveData) for USART_ReceiveData
    stm32f0xx_it.o(i.USART2_IRQHandler) refers to communication.o(i.comm_receivedByte) for comm_receivedByte
    communication.o(i.STEP_Move_Sub) refers to printf8.o(i.__0sprintf$8) for __2sprintf
    communication.o(i.STEP_Move_Sub) refers to communication.o(i.comm_print_cmd) for comm_print_cmd
    communication.o(i.comm_print_cmd) refers to crc8.o(i.crc8) for crc8
    communication.o(i.comm_print_cmd) refers to printf8.o(i.__0printf$8) for __2printf
    communication.o(i.comm_receivedByte) refers to led.o(i.LED_Blink) for LED_Blink
    communication.o(i.comm_receivedByte) refers to communication.o(.data) for uart_pointer
    communication.o(i.comm_receivedByte) refers to communication.o(.bss) for UART_cmd_buff
[...]
    Removing stm32f0xx_spi.o(i.SPI_SSOutputCmd), (28 bytes).
    Removing stm32f0xx_spi.o(i.SPI_SendData8), (10 bytes).
    Removing stm32f0xx_spi.o(i.SPI_StructInit), (30 bytes).
    Removing stm32f0xx_spi.o(i.SPI_TIModeCmd), (28 bytes).
    Removing stm32f0xx_spi.o(i.SPI_TransmitCRC), (12 bytes).
    Removing stm32f0xx_syscfg.o(.rev16_text), (4 bytes).
    Removing stm32f0xx_syscfg.o(.revsh_text), (4 bytes).
    Removing stm32f0xx_syscfg.o(i.SYSCFG_BreakConfig), (16 bytes).
    Removing stm32f0xx_syscfg.o(i.SYSCFG_ClearFlag), (16 bytes).
    Removing stm32f0xx_syscfg.o(i.SYSCFG_DMAChannelRemapConfig), (32 bytes).
    Removing stm32f0xx_syscfg.o(i.SYSCFG_DeInit), (44 bytes).
    Removing stm32f0xx_syscfg.o(i.SYSCFG_EXTILineConfig), (64 bytes).
    Removing stm32f0xx_syscfg.o(i.SYSCFG_GetFlagStatus), (32 bytes).
    Removing stm32f0xx_syscfg.o(i.SYSCFG_GetPendingIT), (24 bytes).
    Removing stm32f0xx_syscfg.o(i.SYSCFG_I2CFastModePlusConfig), (32 bytes).
    Removing stm32f0xx_syscfg.o(i.SYSCFG_IRDAEnvSelection), (28 bytes).
    Removing stm32f0xx_syscfg.o(i.SYSCFG_MemoryRemapConfig), (28 bytes).
    Removing stm32f0xx_tim.o(.rev16_text), (4 bytes).
    Removing stm32f0xx_tim.o(.revsh_text), (4 bytes).
    Removing stm32f0xx_tim.o(i.TIM_BDTRConfig), (32 bytes).
    Removing stm32f0xx_tim.o(i.TIM_BDTRStructInit), (18 bytes).
    Removing stm32f0xx_tim.o(i.TIM_CCPreloadControl), (28 bytes).
    Removing stm32f0xx_tim.o(i.TIM_CCxCmd), (30 bytes).
    Removing stm32f0xx_tim.o(i.TIM_CCxNCmd), (30 bytes).
    Removing stm32f0xx_tim.o(i.TIM_ClearFlag), (6 bytes).
    Removing stm32f0xx_tim.o(i.TIM_ClearOC1Ref), (24 bytes).
    Removing stm32f0xx_tim.o(i.TIM_ClearOC2Ref), (20 bytes).
    Removing stm32f0xx_tim.o(i.TIM_ClearOC3Ref), (24 bytes).
    Removing stm32f0xx_tim.o(i.TIM_ClearOC4Ref), (20 bytes).
    Removing stm32f0xx_tim.o(i.TIM_CounterModeConfig), (24 bytes).
    Removing stm32f0xx_tim.o(i.TIM_CtrlPWMOutputs), (34 bytes).
    Removing stm32f0xx_tim.o(i.TIM_DMACmd), (20 bytes).
    Removing stm32f0xx_tim.o(i.TIM_DMAConfig), (12 bytes).
    Removing stm32f0xx_tim.o(i.TIM_DeInit), (260 bytes).
    Removing stm32f0xx_tim.o(i.TIM_ETRClockMode1Config), (52 bytes).
    Removing stm32f0xx_tim.o(i.TIM_ETRClockMode2Config), (34 bytes).
    Removing stm32f0xx_tim.o(i.TIM_ETRConfig), (24 bytes).
    Removing stm32f0xx_tim.o(i.TIM_EncoderInterfaceConfig), (68 bytes).
    Removing stm32f0xx_tim.o(i.TIM_ForcedOC1Config), (24 bytes).
    Removing stm32f0xx_tim.o(i.TIM_ForcedOC2Config), (24 bytes).
    Removing stm32f0xx_tim.o(i.TIM_ForcedOC3Config), (24 bytes).
    Removing stm32f0xx_tim.o(i.TIM_ForcedOC4Config), (24 bytes).
    Removing stm32f0xx_tim.o(i.TIM_GetCapture3), (6 bytes).
    Removing stm32f0xx_tim.o(i.TIM_GetCapture4), (6 bytes).
    Removing stm32f0xx_tim.o(i.TIM_GetCounter), (6 bytes).
    Removing stm32f0xx_tim.o(i.TIM_GetFlagStatus), (20 bytes).
    Removing stm32f0xx_tim.o(i.TIM_GetPrescaler), (6 bytes).
    Removing stm32f0xx_tim.o(i.TIM_ICStructInit), (18 bytes).
    Removing stm32f0xx_tim.o(i.TIM_ITRxExternalClockConfig), (24 bytes).
    Removing stm32f0xx_tim.o(i.TIM_InternalClockConfig), (16 bytes).
    Removing stm32f0xx_tim.o(i.TIM_OC1FastConfig), (24 bytes).
    Removing stm32f0xx_tim.o(i.TIM_OC1NPolarityConfig), (24 bytes).
    Removing stm32f0xx_tim.o(i.TIM_OC1PolarityConfig), (24 bytes).
    Removing stm32f0xx_tim.o(i.TIM_OC2FastConfig), (24 bytes).
    Removing stm32f0xx_tim.o(i.TIM_OC2NPolarityConfig), (24 bytes).
    Removing stm32f0xx_tim.o(i.TIM_OC2PolarityConfig), (24 bytes).
    Removing stm32f0xx_tim.o(i.TIM_OC3FastConfig), (24 bytes).
    Removing stm32f0xx_tim.o(i.TIM_OC3Init), (152 bytes).
    Removing stm32f0xx_tim.o(i.TIM_OC3NPolarityConfig), (24 bytes).
    Removing stm32f0xx_tim.o(i.TIM_OC3PolarityConfig), (24 bytes).
    Removing stm32f0xx_tim.o(i.TIM_OC3PreloadConfig), (24 bytes).
    Removing stm32f0xx_tim.o(i.TIM_OC4FastConfig), (24 bytes).
    Removing stm32f0xx_tim.o(i.TIM_OC4Init), (112 bytes).
    Removing stm32f0xx_tim.o(i.TIM_OC4PolarityConfig), (24 bytes).
    Removing stm32f0xx_tim.o(i.TIM_OC4PreloadConfig), (24 bytes).
    Removing stm32f0xx_tim.o(i.TIM_PWMIConfig), (124 bytes).
    Removing stm32f0xx_tim.o(i.TIM_PrescalerConfig), (6 bytes).
    Removing stm32f0xx_tim.o(i.TIM_RemapConfig), (6 bytes).
    Removing stm32f0xx_tim.o(i.TIM_SelectCCDMA), (28 bytes).
    Removing stm32f0xx_tim.o(i.TIM_SelectCOM), (28 bytes).
    Removing stm32f0xx_tim.o(i.TIM_SelectHallSensor), (28 bytes).
    Removing stm32f0xx_tim.o(i.TIM_SelectInputTrigger), (24 bytes).
    Removing stm32f0xx_tim.o(i.TIM_SelectMasterSlaveMode), (20 bytes).
    Removing stm32f0xx_tim.o(i.TIM_SelectOCREFClear), (20 bytes).
    Removing stm32f0xx_tim.o(i.TIM_SelectOCxM), (82 bytes).
    Removing stm32f0xx_tim.o(i.TIM_SelectOutputTrigger), (20 bytes).
    Removing stm32f0xx_tim.o(i.TIM_SelectSlaveMode), (20 bytes).
    Removing stm32f0xx_tim.o(i.TIM_SetAutoreload), (4 bytes).
    Removing stm32f0xx_tim.o(i.TIM_SetClockDivision), (20 bytes).
    Removing stm32f0xx_tim.o(i.TIM_SetCompare1), (4 bytes).
    Removing stm32f0xx_tim.o(i.TIM_SetCompare3), (4 bytes).
    Removing stm32f0xx_tim.o(i.TIM_SetCompare4), (4 bytes).
    Removing stm32f0xx_tim.o(i.TIM_TIxExternalClockConfig), (58 bytes).
    Removing stm32f0xx_tim.o(i.TIM_UpdateDisableConfig), (28 bytes).
    Removing stm32f0xx_tim.o(i.TIM_UpdateRequestConfig), (28 bytes).
    Removing stm32f0xx_usart.o(.rev16_text), (4 bytes).
    Removing stm32f0xx_usart.o(.revsh_text), (4 bytes).
    Removing stm32f0xx_usart.o(i.USART_AddressDetectionConfig), (16 bytes).
    Removing stm32f0xx_usart.o(i.USART_AutoBaudRateCmd), (28 bytes).
    Removing stm32f0xx_usart.o(i.USART_AutoBaudRateConfig), (18 bytes).
    Removing stm32f0xx_usart.o(i.USART_ClearFlag), (4 bytes).
    Removing stm32f0xx_usart.o(i.USART_ClearITPendingBit), (18 bytes).
    Removing stm32f0xx_usart.o(i.USART_ClockInit), (36 bytes).
    Removing stm32f0xx_usart.o(i.USART_ClockStructInit), (12 bytes).
    Removing stm32f0xx_usart.o(i.USART_DECmd), (28 bytes).
    Removing stm32f0xx_usart.o(i.USART_DEPolarityConfig), (18 bytes).
    Removing stm32f0xx_usart.o(i.USART_DMACmd), (20 bytes).
    Removing stm32f0xx_usart.o(i.USART_DMAReceptionErrorConfig), (18 bytes).
    Removing stm32f0xx_usart.o(i.USART_DataInvCmd), (28 bytes).
    Removing stm32f0xx_usart.o(i.USART_DeInit), (240 bytes).
    Removing stm32f0xx_usart.o(i.USART_DirectionModeCmd), (20 bytes).
    Removing stm32f0xx_usart.o(i.USART_HalfDuplexCmd), (24 bytes).
    Removing stm32f0xx_usart.o(i.USART_InvPinCmd), (20 bytes).
    Removing stm32f0xx_usart.o(i.USART_IrDACmd), (24 bytes).
    Removing stm32f0xx_usart.o(i.USART_IrDAConfig), (16 bytes).
    Removing stm32f0xx_usart.o(i.USART_LINBreakDetectLengthConfig), (16 bytes).
    Removing stm32f0xx_usart.o(i.USART_LINCmd), (28 bytes).
    Removing stm32f0xx_usart.o(i.USART_MSBFirstCmd), (28 bytes).
    Removing stm32f0xx_usart.o(i.USART_MuteModeCmd), (28 bytes).
    Removing stm32f0xx_usart.o(i.USART_MuteModeWakeUpConfig), (18 bytes).
    Removing stm32f0xx_usart.o(i.USART_OneBitMethodCmd), (28 bytes).
    Removing stm32f0xx_usart.o(i.USART_OverSampling8Cmd), (28 bytes).
    Removing stm32f0xx_usart.o(i.USART_OverrunDetectionConfig), (18 bytes).
    Removing stm32f0xx_usart.o(i.USART_ReceiverTimeOutCmd), (28 bytes).
    Removing stm32f0xx_usart.o(i.USART_RequestCmd), (20 bytes).
    Removing stm32f0xx_usart.o(i.USART_STOPModeCmd), (24 bytes).
    Removing stm32f0xx_usart.o(i.USART_SWAPPinCmd), (28 bytes).
    Removing stm32f0xx_usart.o(i.USART_SetAddress), (18 bytes).
    Removing stm32f0xx_usart.o(i.USART_SetAutoRetryCount), (20 bytes).
    Removing stm32f0xx_usart.o(i.USART_SetBlockLength), (18 bytes).
    Removing stm32f0xx_usart.o(i.USART_SetDEAssertionTime), (20 bytes).
    Removing stm32f0xx_usart.o(i.USART_SetDEDeassertionTime), (20 bytes).
    Removing stm32f0xx_usart.o(i.USART_SetGuardTime), (16 bytes).
    Removing stm32f0xx_usart.o(i.USART_SetPrescaler), (18 bytes).
    Removing stm32f0xx_usart.o(i.USART_SetReceiverTimeOut), (16 bytes).
    Removing stm32f0xx_usart.o(i.USART_SmartCardCmd), (24 bytes).
    Removing stm32f0xx_usart.o(i.USART_SmartCardNACKCmd), (24 bytes).
    Removing stm32f0xx_usart.o(i.USART_StopModeWakeUpSourceConfig), (18 bytes).
    Removing stm32f0xx_usart.o(i.USART_StructInit), (24 bytes).
    Removing stm32f0xx_wwdg.o(.rev16_text), (4 bytes).
    Removing stm32f0xx_wwdg.o(.revsh_text), (4 bytes).
    Removing stm32f0xx_wwdg.o(i.WWDG_ClearFlag), (12 bytes).
    Removing stm32f0xx_wwdg.o(i.WWDG_DeInit), (22 bytes).
    Removing stm32f0xx_wwdg.o(i.WWDG_Enable), (16 bytes).
    Removing stm32f0xx_wwdg.o(i.WWDG_EnableIT), (20 bytes).
    Removing stm32f0xx_wwdg.o(i.WWDG_GetFlagStatus), (24 bytes).
    Removing stm32f0xx_wwdg.o(i.WWDG_SetCounter), (16 bytes).
    Removing stm32f0xx_wwdg.o(i.WWDG_SetPrescaler), (32 bytes).
    Removing stm32f0xx_wwdg.o(i.WWDG_SetWindowValue), (40 bytes).
    Removing uart.o(.rev16_text), (4 bytes).
    Removing uart.o(.revsh_text), (4 bytes).
    Removing bldc.o(.rev16_text), (4 bytes).
    Removing bldc.o(.revsh_text), (4 bytes).
    Removing bldc.o(i.BLDC_getFGPeriod), (12 bytes).
    Removing a4988.o(.rev16_text), (4 bytes).
    Removing a4988.o(.revsh_text), (4 bytes).
    Removing a4988.o(i.STEP_resetOn), (20 bytes).
    Removing led.o(.rev16_text), (4 bytes).
    Removing led.o(.revsh_text), (4 bytes).
    Removing limitsw.o(.rev16_text), (4 bytes).
    Removing limitsw.o(.revsh_text), (4 bytes).
    Removing dadd.o(.text), (356 bytes).
    Removing dmul.o(.text), (208 bytes).
    Removing dfixul.o(.text), (64 bytes).
    Removing cdrcmple.o(.text), (40 bytes).

574 unused section(s) (total 21646 bytes) removed from the image.

==============================================================================

Image Symbol Table

    Local Symbols

    Symbol Name                              Value     Ov Type        Size  Object(Section)

    ../clib/microlib/ctype/ctype.c           0x00000000   Number         0  ctype_c.o ABSOLUTE
    ../clib/microlib/ctype/ctype.c           0x00000000   Number         0  isspace_c.o ABSOLUTE
    ../clib/microlib/division.c              0x00000000   Number         0  uldiv.o ABSOLUTE
    ../clib/microlib/division.c              0x00000000   Number         0  idiv.o ABSOLUTE
    ../clib/microlib/division.c              0x00000000   Number         0  uidiv.o ABSOLUTE
    ../clib/microlib/init/entry.s            0x00000000   Number         0  entry8a.o ABSOLUTE
    ../clib/microlib/init/entry.s            0x00000000   Number         0  entry10b.o ABSOLUTE
    ../clib/microlib/init/entry.s            0x00000000   Number         0  entry7a.o ABSOLUTE
    ../clib/microlib/init/entry.s            0x00000000   Number         0  entry5.o ABSOLUTE
    ../clib/microlib/init/entry.s            0x00000000   Number         0  entry11b.o ABSOLUTE
    ../clib/microlib/init/entry.s            0x00000000   Number         0  entry2.o ABSOLUTE
    ../clib/microlib/init/entry.s            0x00000000   Number         0  entry11a.o ABSOLUTE
    ../clib/microlib/init/entry.s            0x00000000   Number         0  entry.o ABSOLUTE
    ../clib/microlib/init/entry.s            0x00000000   Number         0  entry7b.o ABSOLUTE
    ../clib/microlib/init/entry.s            0x00000000   Number         0  entry10a.o ABSOLUTE
    ../clib/microlib/init/entry.s            0x00000000   Number         0  entry9b.o ABSOLUTE
    ../clib/microlib/init/entry.s            0x00000000   Number         0  entry9a.o ABSOLUTE
    ../clib/microlib/init/entry.s            0x00000000   Number         0  entry8b.o ABSOLUTE
    ../clib/microlib/longlong.c              0x00000000   Number         0  llushr.o ABSOLUTE
    ../clib/microlib/longlong.c              0x00000000   Number         0  llsshr.o ABSOLUTE
    ../clib/microlib/longlong.c              0x00000000   Number         0  llshl.o ABSOLUTE
    ../clib/microlib/printf/printf.c         0x00000000   Number         0  printfa.o ABSOLUTE
    ../clib/microlib/printf/printf.c         0x00000000   Number         0  printf8.o ABSOLUTE
    ../clib/microlib/printf/printf.c         0x00000000   Number         0  printf7.o ABSOLUTE
    ../clib/microlib/printf/printf.c         0x00000000   Number         0  printf6.o ABSOLUTE
    ../clib/microlib/printf/printf.c         0x00000000   Number         0  printf5.o ABSOLUTE
    ../clib/microlib/printf/printf.c         0x00000000   Number         0  printf1.o ABSOLUTE
    ../clib/microlib/printf/printf.c         0x00000000   Number         0  printf0.o ABSOLUTE
    ../clib/microlib/printf/printf.c         0x00000000   Number         0  printf3.o ABSOLUTE
    ../clib/microlib/printf/printf.c         0x00000000   Number         0  printf4.o ABSOLUTE
    ../clib/microlib/printf/printf.c         0x00000000   Number         0  printf2.o ABSOLUTE
    ../clib/microlib/printf/printf.c         0x00000000   Number         0  printfb.o ABSOLUTE
    ../clib/microlib/printf/stubs.s          0x00000000   Number         0  stubs.o ABSOLUTE
    ../clib/microlib/stdio/streams.c         0x00000000   Number         0  stdout.o ABSOLUTE
    ../clib/microlib/string/memcmp.c         0x00000000   Number         0  memcmp.o ABSOLUTE
    ../clib/microlib/string/memset.c         0x00000000   Number         0  memseta.o ABSOLUTE
    ../clib/microlib/string/strncat.c        0x00000000   Number         0  strncat.o ABSOLUTE
    ../clib/microlib/stubs.s                 0x00000000   Number         0  iusefp.o ABSOLUTE
    ../clib/scanf.c                          0x00000000   Number         0  scanf_char.o ABSOLUTE
    ../clib/scanf.c                          0x00000000   Number         0  _sgetc.o ABSOLUTE
    ../clib/scanf.c                          0x00000000   Number         0  __0sscanf.o ABSOLUTE
    ../clib/scanf.c                          0x00000000   Number         0  _scanf.o ABSOLUTE
    ../clib/scanf.c                          0x00000000   Number         0  _scanf_int.o ABSOLUTE
    ../clib/scanf.c                          0x00000000   Number         0  _chval.o ABSOLUTE
    ../fplib/microlib/fpadd.c                0x00000000   Number         0  dadd.o ABSOLUTE
    ../fplib/microlib/fpdiv.c                0x00000000   Number         0  ddiv.o ABSOLUTE
    ../fplib/microlib/fpepilogue.c           0x00000000   Number         0  depilogue.o ABSOLUTE
    ../fplib/microlib/fpfix.c                0x00000000   Number         0  dfixul.o ABSOLUTE
    ../fplib/microlib/fpfix.c                0x00000000   Number         0  dfixui.o ABSOLUTE
    ../fplib/microlib/fpflt.c                0x00000000   Number         0  dfltui.o ABSOLUTE
    ../fplib/microlib/fpmul.c                0x00000000   Number         0  dmul.o ABSOLUTE
    ..\Libraries\CMSIS\Device\ST\STM32F0xx\Source\Templates\arm\startup_stm32f051.s 0x00000000   Number         0  startup_stm32f051.o ABSOLUTE
    ..\Libraries\STM32F0xx_StdPeriph_Driver\src\stm32f0xx_adc.c 0x00000000   Number         0  stm32f0xx_adc.o ABSOLUTE
    ..\Libraries\STM32F0xx_StdPeriph_Driver\src\stm32f0xx_can.c 0x00000000   Number         0  stm32f0xx_can.o ABSOLUTE
    ..\Libraries\STM32F0xx_StdPeriph_Driver\src\stm32f0xx_cec.c 0x00000000   Number         0  stm32f0xx_cec.o ABSOLUTE
    ..\Libraries\STM32F0xx_StdPeriph_Driver\src\stm32f0xx_comp.c 0x00000000   Number         0  stm32f0xx_comp.o ABSOLUTE
    ..\Libraries\STM32F0xx_StdPeriph_Driver\src\stm32f0xx_crc.c 0x00000000   Number         0  stm32f0xx_crc.o ABSOLUTE
    ..\Libraries\STM32F0xx_StdPeriph_Driver\src\stm32f0xx_crs.c 0x00000000   Number         0  stm32f0xx_crs.o ABSOLUTE
    ..\Libraries\STM32F0xx_StdPeriph_Driver\src\stm32f0xx_dac.c 0x00000000   Number         0  stm32f0xx_dac.o ABSOLUTE
    ..\Libraries\STM32F0xx_StdPeriph_Driver\src\stm32f0xx_dbgmcu.c 0x00000000   Number         0  stm32f0xx_dbgmcu.o ABSOLUTE
    ..\Libraries\STM32F0xx_StdPeriph_Driver\src\stm32f0xx_dma.c 0x00000000   Number         0  stm32f0xx_dma.o ABSOLUTE
    ..\Libraries\STM32F0xx_StdPeriph_Driver\src\stm32f0xx_exti.c 0x00000000   Number         0  stm32f0xx_exti.o ABSOLUTE
    ..\Libraries\STM32F0xx_StdPeriph_Driver\src\stm32f0xx_flash.c 0x00000000   Number         0  stm32f0xx_flash.o ABSOLUTE
    ..\Libraries\STM32F0xx_StdPeriph_Driver\src\stm32f0xx_gpio.c 0x00000000   Number         0  stm32f0xx_gpio.o ABSOLUTE
    ..\Libraries\STM32F0xx_StdPeriph_Driver\src\stm32f0xx_i2c.c 0x00000000   Number         0  stm32f0xx_i2c.o ABSOLUTE
    ..\Libraries\STM32F0xx_StdPeriph_Driver\src\stm32f0xx_iwdg.c 0x00000000   Number         0  stm32f0xx_iwdg.o ABSOLUTE
    ..\Libraries\STM32F0xx_StdPeriph_Driver\src\stm32f0xx_misc.c 0x00000000   Number         0  stm32f0xx_misc.o ABSOLUTE
    ..\Libraries\STM32F0xx_StdPeriph_Driver\src\stm32f0xx_pwr.c 0x00000000   Number         0  stm32f0xx_pwr.o ABSOLUTE
    ..\Libraries\STM32F0xx_StdPeriph_Driver\src\stm32f0xx_rcc.c 0x00000000   Number         0  stm32f0xx_rcc.o ABSOLUTE
    ..\Libraries\STM32F0xx_StdPeriph_Driver\src\stm32f0xx_rtc.c 0x00000000   Number         0  stm32f0xx_rtc.o ABSOLUTE
    ..\Libraries\STM32F0xx_StdPeriph_Driver\src\stm32f0xx_spi.c 0x00000000   Number         0  stm32f0xx_spi.o ABSOLUTE
    ..\Libraries\STM32F0xx_StdPeriph_Driver\src\stm32f0xx_syscfg.c 0x00000000   Number         0  stm32f0xx_syscfg.o ABSOLUTE
    ..\Libraries\STM32F0xx_StdPeriph_Driver\src\stm32f0xx_tim.c 0x00000000   Number         0  stm32f0xx_tim.o ABSOLUTE
    ..\Libraries\STM32F0xx_StdPeriph_Driver\src\stm32f0xx_usart.c 0x00000000   Number         0  stm32f0xx_usart.o ABSOLUTE
    ..\Libraries\STM32F0xx_StdPeriph_Driver\src\stm32f0xx_wwdg.c 0x00000000   Number         0  stm32f0xx_wwdg.o ABSOLUTE
    ..\\Libraries\\STM32F0xx_StdPeriph_Driver\\src\\stm32f0xx_adc.c 0x00000000   Number         0  stm32f0xx_adc.o ABSOLUTE
    ..\\Libraries\\STM32F0xx_StdPeriph_Driver\\src\\stm32f0xx_can.c 0x00000000   Number         0  stm32f0xx_can.o ABSOLUTE
    ..\\Libraries\\STM32F0xx_StdPeriph_Driver\\src\\stm32f0xx_cec.c 0x00000000   Number         0  stm32f0xx_cec.o ABSOLUTE
    ..\\Libraries\\STM32F0xx_StdPeriph_Driver\\src\\stm32f0xx_comp.c 0x00000000   Number         0  stm32f0xx_comp.o ABSOLUTE
    ..\\Libraries\\STM32F0xx_StdPeriph_Driver\\src\\stm32f0xx_crc.c 0x00000000   Number         0  stm32f0xx_crc.o ABSOLUTE
    ..\\Libraries\\STM32F0xx_StdPeriph_Driver\\src\\stm32f0xx_crs.c 0x00000000   Number         0  stm32f0xx_crs.o ABSOLUTE
    ..\\Libraries\\STM32F0xx_StdPeriph_Driver\\src\\stm32f0xx_dac.c 0x00000000   Number         0  stm32f0xx_dac.o ABSOLUTE
    ..\\Libraries\\STM32F0xx_StdPeriph_Driver\\src\\stm32f0xx_dbgmcu.c 0x00000000   Number         0  stm32f0xx_dbgmcu.o ABSOLUTE
    ..\\Libraries\\STM32F0xx_StdPeriph_Driver\\src\\stm32f0xx_dma.c 0x00000000   Number         0  stm32f0xx_dma.o ABSOLUTE
    ..\\Libraries\\STM32F0xx_StdPeriph_Driver\\src\\stm32f0xx_exti.c 0x00000000   Number         0  stm32f0xx_exti.o ABSOLUTE
    ..\\Libraries\\STM32F0xx_StdPeriph_Driver\\src\\stm32f0xx_flash.c 0x00000000   Number         0  stm32f0xx_flash.o ABSOLUTE
    ..\\Libraries\\STM32F0xx_StdPeriph_Driver\\src\\stm32f0xx_gpio.c 0x00000000   Number         0  stm32f0xx_gpio.o ABSOLUTE
    ..\\Libraries\\STM32F0xx_StdPeriph_Driver\\src\\stm32f0xx_i2c.c 0x00000000   Number         0  stm32f0xx_i2c.o ABSOLUTE
    ..\\Libraries\\STM32F0xx_StdPeriph_Driver\\src\\stm32f0xx_iwdg.c 0x00000000   Number         0  stm32f0xx_iwdg.o ABSOLUTE
    ..\\Libraries\\STM32F0xx_StdPeriph_Driver\\src\\stm32f0xx_misc.c 0x00000000   Number         0  stm32f0xx_misc.o ABSOLUTE
    ..\\Libraries\\STM32F0xx_StdPeriph_Driver\\src\\stm32f0xx_pwr.c 0x00000000   Number         0  stm32f0xx_pwr.o ABSOLUTE
    ..\\Libraries\\STM32F0xx_StdPeriph_Driver\\src\\stm32f0xx_rcc.c 0x00000000   Number         0  stm32f0xx_rcc.o ABSOLUTE
    ..\\Libraries\\STM32F0xx_StdPeriph_Driver\\src\\stm32f0xx_rtc.c 0x00000000   Number         0  stm32f0xx_rtc.o ABSOLUTE
    ..\\Libraries\\STM32F0xx_StdPeriph_Driver\\src\\stm32f0xx_spi.c 0x00000000   Number         0  stm32f0xx_spi.o ABSOLUTE
    ..\\Libraries\\STM32F0xx_StdPeriph_Driver\\src\\stm32f0xx_syscfg.c 0x00000000   Number         0  stm32f0xx_syscfg.o ABSOLUTE
    ..\\Libraries\\STM32F0xx_StdPeriph_Driver\\src\\stm32f0xx_tim.c 0x00000000   Number         0  stm32f0xx_tim.o ABSOLUTE
    ..\\Libraries\\STM32F0xx_StdPeriph_Driver\\src\\stm32f0xx_usart.c 0x00000000   Number         0  stm32f0xx_usart.o ABSOLUTE
    ..\\Libraries\\STM32F0xx_StdPeriph_Driver\\src\\stm32f0xx_wwdg.c 0x00000000   Number         0  stm32f0xx_wwdg.o ABSOLUTE
    ..\\src\\Drivers\\A4988.c                0x00000000   Number         0  a4988.o ABSOLUTE
    ..\\src\\Drivers\\BLDC.c                 0x00000000   Number         0  bldc.o ABSOLUTE
    ..\\src\\Drivers\\LED.c                  0x00000000   Number         0  led.o ABSOLUTE
    ..\\src\\Drivers\\LimitSW.c              0x00000000   Number         0  limitsw.o ABSOLUTE
    ..\\src\\Drivers\\UART.c                 0x00000000   Number         0  uart.o ABSOLUTE
    ..\\src\\communication.c                 0x00000000   Number         0  communication.o ABSOLUTE
    ..\\src\\main.c                          0x00000000   Number         0  main.o ABSOLUTE
    ..\\src\\stm32f0xx_it.c                  0x00000000   Number         0  stm32f0xx_it.o ABSOLUTE
    ..\\src\\system_stm32f0xx.c              0x00000000   Number         0  system_stm32f0xx.o ABSOLUTE
    ..\src\Drivers\A4988.c                   0x00000000   Number         0  a4988.o ABSOLUTE
    ..\src\Drivers\BLDC.c                    0x00000000   Number         0  bldc.o ABSOLUTE
    ..\src\Drivers\CRC8.c                    0x00000000   Number         0  crc8.o ABSOLUTE
    ..\src\Drivers\LED.c                     0x00000000   Number         0  led.o ABSOLUTE
    ..\src\Drivers\LimitSW.c                 0x00000000   Number         0  limitsw.o ABSOLUTE
    ..\src\Drivers\UART.c                    0x00000000   Number         0  uart.o ABSOLUTE
    ..\src\communication.c                   0x00000000   Number         0  communication.o ABSOLUTE
    ..\src\main.c                            0x00000000   Number         0  main.o ABSOLUTE
    ..\src\stm32f0xx_it.c                    0x00000000   Number         0  stm32f0xx_it.o ABSOLUTE
    ..\src\system_stm32f0xx.c                0x00000000   Number         0  system_stm32f0xx.o ABSOLUTE
    cdrcmple.s                               0x00000000   Number         0  cdrcmple.o ABSOLUTE
    dc.s                                     0x00000000   Number         0  dc.o ABSOLUTE
    handlers.s                               0x00000000   Number         0  handlers.o ABSOLUTE
    init.s                                   0x00000000   Number         0  init.o ABSOLUTE
    RESET                                    0x08000000   Section      192  startup_stm32f051.o(RESET)
    .ARM.Collect$$$$00000000                 0x080000c0   Section        0  entry.o(.ARM.Collect$$$$00000000)
    .ARM.Collect$$$$00000001                 0x080000c0   Section        4  entry2.o(.ARM.Collect$$$$00000001)
    .ARM.Collect$$$$00000004                 0x080000c4   Section        4  entry5.o(.ARM.Collect$$$$00000004)
    .ARM.Collect$$$$00000008                 0x080000c8   Section        0  entry7b.o(.ARM.Collect$$$$00000008)
    .ARM.Collect$$$$0000000A                 0x080000c8   Section        0  entry8b.o(.ARM.Collect$$$$0000000A)
    .ARM.Collect$$$$0000000B                 0x080000c8   Section        8  entry9a.o(.ARM.Collect$$$$0000000B)
    .ARM.Collect$$$$0000000D                 0x080000d0   Section        0  entry10a.o(.ARM.Collect$$$$0000000D)
    .ARM.Collect$$$$0000000F                 0x080000d0   Section        0  entry11a.o(.ARM.Collect$$$$0000000F)
    .ARM.Collect$$$$00002712                 0x080000d0   Section        4  entry2.o(.ARM.Collect$$$$00002712)
    __lit__00000000                          0x080000d0   Data           4  entry2.o(.ARM.Collect$$$$00002712)
    .text                                    0x080000d4   Section       88  startup_stm32f051.o(.text)
    .text                                    0x0800012c   Section        0  uidiv.o(.text)
    .text                                    0x08000158   Section        0  idiv.o(.text)
    .text                                    0x08000180   Section        0  memseta.o(.text)
    .text                                    0x080001a4   Section        0  memcmp.o(.text)
    .text                                    0x080001be   Section        0  strncat.o(.text)
    .text                                    0x080001e8   Section        0  __0sscanf.o(.text)
    .text                                    0x08000224   Section        0  _scanf_int.o(.text)
    .text                                    0x08000370   Section        0  ddiv.o(.text)
    .text                                    0x08000460   Section        0  dfltui.o(.text)
    .text                                    0x0800047c   Section        0  dfixui.o(.text)
    .text                                    0x080004b8   Section        0  uldiv.o(.text)
    .text                                    0x08000518   Section        0  llushr.o(.text)
    .text                                    0x0800053a   Section        0  _chval.o(.text)
    .text                                    0x08000558   Section        0  scanf_char.o(.text)
    _scanf_char_input                        0x08000559   Thumb Code    12  scanf_char.o(.text)
    .text                                    0x08000584   Section        0  _sgetc.o(.text)
    .text                                    0x080005c8   Section        0  depilogue.o(.text)
    .text                                    0x080005c8   Section        0  iusefp.o(.text)
    .text                                    0x08000688   Section       36  init.o(.text)
    .text                                    0x080006ac   Section        0  llshl.o(.text)
    .text                                    0x080006cc   Section        0  isspace_c.o(.text)
    .text                                    0x080006dc   Section        0  _scanf.o(.text)
    .text                                    0x08000a14   Section        0  ctype_c.o(.text)
    i.A4988_Init                             0x08000a38   Section        0  a4988.o(i.A4988_Init)
    i.BLDC_FG_PulseDetected                  0x08000a58   Section        0  bldc.o(i.BLDC_FG_PulseDetected)
    i.BLDC_FG_PulseMissing                   0x08000b18   Section        0  bldc.o(i.BLDC_FG_PulseMissing)
    i.BLDC_GPIO_Config                       0x08000b68   Section        0  bldc.o(i.BLDC_GPIO_Config)
    BLDC_GPIO_Config                         0x08000b69   Thumb Code   100  bldc.o(i.BLDC_GPIO_Config)
    i.BLDC_GetDirection                      0x08000bd4   Section        0  bldc.o(i.BLDC_GetDirection)
    i.BLDC_RPM_control                       0x08000bf0   Section        0  bldc.o(i.BLDC_RPM_control)
    i.BLDC_SetDirection                      0x08000d28   Section        0  bldc.o(i.BLDC_SetDirection)
    i.BLDC_getPWM                            0x08000d4c   Section        0  bldc.o(i.BLDC_getPWM)
    i.BLDC_getPower                          0x08000d80   Section        0  bldc.o(i.BLDC_getPower)
    i.BLDC_getRPM                            0x08000d94   Section        0  bldc.o(i.BLDC_getRPM)
    i.BLDC_init                              0x08000dc0   Section        0  bldc.o(i.BLDC_init)
    i.BLDC_powerOff                          0x08000de8   Section        0  bldc.o(i.BLDC_powerOff)
    i.BLDC_powerOn                           0x08000e0c   Section        0  bldc.o(i.BLDC_powerOn)
    i.BLDC_setPWM                            0x08000e2c   Section        0  bldc.o(i.BLDC_setPWM)
    i.BLDC_setRPM                            0x08000e60   Section        0  bldc.o(i.BLDC_setRPM)
    i.CheckLimitSwitches                     0x08000ea4   Section        0  limitsw.o(i.CheckLimitSwitches)
    i.GPIO_Init                              0x08000ed0   Section        0  stm32f0xx_gpio.o(i.GPIO_Init)
    i.GPIO_PinAFConfig                       0x08000f60   Section        0  stm32f0xx_gpio.o(i.GPIO_PinAFConfig)
    i.GPIO_ReadInputDataBit                  0x08000fa4   Section        0  stm32f0xx_gpio.o(i.GPIO_ReadInputDataBit)
    i.GPIO_ReadOutputDataBit                 0x08000fb8   Section        0  stm32f0xx_gpio.o(i.GPIO_ReadOutputDataBit)
    i.GPIO_ResetBits                         0x08000fcc   Section        0  stm32f0xx_gpio.o(i.GPIO_ResetBits)
    i.GPIO_SetBits                           0x08000fd0   Section        0  stm32f0xx_gpio.o(i.GPIO_SetBits)
    i.HardFault_Handler                      0x08000fd4   Section        0  stm32f0xx_it.o(i.HardFault_Handler)
    i.LED_Blink                              0x08000fd8   Section        0  led.o(i.LED_Blink)
    i.LED_Blinker                            0x08000ff4   Section        0  led.o(i.LED_Blinker)
    i.LED_Init                               0x08001050   Section        0  led.o(i.LED_Init)
    i.LED_Set                                0x080010cc   Section        0  led.o(i.LED_Set)
    i.LimitSW_Init                           0x08001174   Section        0  limitsw.o(i.LimitSW_Init)
    i.NMI_Handler                            0x080011c4   Section        0  stm32f0xx_it.o(i.NMI_Handler)
    i.NVIC_Init                              0x080011c8   Section        0  stm32f0xx_misc.o(i.NVIC_Init)
    i.NVIC_SetPriority                       0x08001238   Section        0  main.o(i.NVIC_SetPriority)
    NVIC_SetPriority                         0x08001239   Thumb Code   110  main.o(i.NVIC_SetPriority)
    i.PendSV_Handler                         0x080012b0   Section        0  stm32f0xx_it.o(i.PendSV_Handler)
    i.RCC_AHBPeriphClockCmd                  0x080012b4   Section        0  stm32f0xx_rcc.o(i.RCC_AHBPeriphClockCmd)
    i.RCC_APB1PeriphClockCmd                 0x080012d4   Section        0  stm32f0xx_rcc.o(i.RCC_APB1PeriphClockCmd)
    i.RCC_APB2PeriphClockCmd                 0x080012f4   Section        0  stm32f0xx_rcc.o(i.RCC_APB2PeriphClockCmd)
    i.RCC_GetClocksFreq                      0x08001314   Section        0  stm32f0xx_rcc.o(i.RCC_GetClocksFreq)
    i.RPM2PWM                                0x0800155c   Section        0  bldc.o(i.RPM2PWM)
    RPM2PWM                                  0x0800155d   Thumb Code    54  bldc.o(i.RPM2PWM)
    i.STEP_GPIO_Config                       0x08001598   Section        0  a4988.o(i.STEP_GPIO_Config)
    STEP_GPIO_Config                         0x08001599   Thumb Code   298  a4988.o(i.STEP_GPIO_Config)
    i.STEP_GetDirection                      0x080016c8   Section        0  a4988.o(i.STEP_GetDirection)
    i.STEP_MicroGet                          0x080016e0   Section        0  a4988.o(i.STEP_MicroGet)
    i.STEP_MicroSet                          0x08001740   Section        0  a4988.o(i.STEP_MicroSet)
    i.STEP_Move                              0x080017e0   Section        0  a4988.o(i.STEP_Move)
    i.STEP_MoveDist                          0x08001874   Section        0  a4988.o(i.STEP_MoveDist)
    i.STEP_Move_Sub                          0x080018a0   Section        0  communication.o(i.STEP_Move_Sub)
    STEP_Move_Sub                            0x080018a1   Thumb Code    56  communication.o(i.STEP_Move_Sub)
    i.STEP_PWM_Completed                     0x080018e8   Section        0  a4988.o(i.STEP_PWM_Completed)
    i.STEP_PWM_Config                        0x0800192c   Section        0  a4988.o(i.STEP_PWM_Config)
    STEP_PWM_Config                          0x0800192d   Thumb Code   166  a4988.o(i.STEP_PWM_Config)
    i.STEP_SetDirection                      0x080019ec   Section        0  a4988.o(i.STEP_SetDirection)
    i.STEP_Stop                              0x08001a18   Section        0  a4988.o(i.STEP_Stop)
    STEP_Stop                                0x08001a19   Thumb Code    22  a4988.o(i.STEP_Stop)
    i.STEP_enableOff                         0x08001a38   Section        0  a4988.o(i.STEP_enableOff)
    i.STEP_enableOn                          0x08001a50   Section        0  a4988.o(i.STEP_enableOn)
    i.STEP_getEnable                         0x08001a68   Section        0  a4988.o(i.STEP_getEnable)
    i.STEP_getFreq                           0x08001a84   Section        0  a4988.o(i.STEP_getFreq)
    i.STEP_getReset                          0x08001a90   Section        0  a4988.o(i.STEP_getReset)
    i.STEP_getSleep                          0x08001aa8   Section        0  a4988.o(i.STEP_getSleep)
    i.STEP_getStatus                         0x08001ac0   Section        0  a4988.o(i.STEP_getStatus)
    i.STEP_getStepPDist                      0x08001af8   Section        0  a4988.o(i.STEP_getStepPDist)
    i.STEP_resetOff                          0x08001b04   Section        0  a4988.o(i.STEP_resetOff)
    i.STEP_setFreq                           0x08001b18   Section        0  a4988.o(i.STEP_setFreq)
    i.STEP_setStepPDist                      0x08001b28   Section        0  a4988.o(i.STEP_setStepPDist)
    i.STEP_sleepOff                          0x08001b38   Section        0  a4988.o(i.STEP_sleepOff)
    i.STEP_sleepOn                           0x08001b4c   Section        0  a4988.o(i.STEP_sleepOn)
    i.SVC_Handler                            0x08001b60   Section        0  stm32f0xx_it.o(i.SVC_Handler)
    i.SYSTICK_Callback                       0x08001b64   Section        0  main.o(i.SYSTICK_Callback)
    i.SetSysClock                            0x08001b8c   Section        0  system_stm32f0xx.o(i.SetSysClock)
    SetSysClock                              0x08001b8d   Thumb Code   206  system_stm32f0xx.o(i.SetSysClock)
    i.SysTick_Handler                        0x08001c64   Section        0  stm32f0xx_it.o(i.SysTick_Handler)
    i.SystemInit                             0x08001c6c   Section        0  system_stm32f0xx.o(i.SystemInit)
    i.TI1_Config                             0x08001ce8   Section        0  stm32f0xx_tim.o(i.TI1_Config)
    TI1_Config                               0x08001ce9   Thumb Code    52  stm32f0xx_tim.o(i.TI1_Config)
    i.TI2_Config                             0x08001d20   Section        0  stm32f0xx_tim.o(i.TI2_Config)
    TI2_Config                               0x08001d21   Thumb Code    66  stm32f0xx_tim.o(i.TI2_Config)
    i.TI3_Config                             0x08001d6c   Section        0  stm32f0xx_tim.o(i.TI3_Config)
    TI3_Config                               0x08001d6d   Thumb Code    64  stm32f0xx_tim.o(i.TI3_Config)
    i.TI4_Config                             0x08001db4   Section        0  stm32f0xx_tim.o(i.TI4_Config)
    TI4_Config                               0x08001db5   Thumb Code    66  stm32f0xx_tim.o(i.TI4_Config)
    i.TIM14_IRQHandler                       0x08001e04   Section        0  stm32f0xx_it.o(i.TIM14_IRQHandler)
    i.TIM17_IRQHandler                       0x08001e24   Section        0  stm32f0xx_it.o(i.TIM17_IRQHandler)
    i.TIM_ARRPreloadConfig                   0x08001e5c   Section        0  stm32f0xx_tim.o(i.TIM_ARRPreloadConfig)
    i.TIM_ClearITPendingBit                  0x08001e78   Section        0  stm32f0xx_tim.o(i.TIM_ClearITPendingBit)
    i.TIM_Cmd                                0x08001e80   Section        0  stm32f0xx_tim.o(i.TIM_Cmd)
    i.TIM_FG_Config                          0x08001e9c   Section        0  bldc.o(i.TIM_FG_Config)
    TIM_FG_Config                            0x08001e9d   Thumb Code   180  bldc.o(i.TIM_FG_Config)
    i.TIM_GenerateEvent                      0x08001f64   Section        0  stm32f0xx_tim.o(i.TIM_GenerateEvent)
    i.TIM_GetCapture1                        0x08001f68   Section        0  stm32f0xx_tim.o(i.TIM_GetCapture1)
    i.TIM_GetCapture2                        0x08001f6e   Section        0  stm32f0xx_tim.o(i.TIM_GetCapture2)
    i.TIM_GetITStatus                        0x08001f74   Section        0  stm32f0xx_tim.o(i.TIM_GetITStatus)
    i.TIM_ICInit                             0x08001f9a   Section        0  stm32f0xx_tim.o(i.TIM_ICInit)
    i.TIM_ITConfig                           0x0800200a   Section        0  stm32f0xx_tim.o(i.TIM_ITConfig)
    i.TIM_OC1Init                            0x08002020   Section        0  stm32f0xx_tim.o(i.TIM_OC1Init)
    i.TIM_OC1PreloadConfig                   0x080020b4   Section        0  stm32f0xx_tim.o(i.TIM_OC1PreloadConfig)
    i.TIM_OC2Init                            0x080020cc   Section        0  stm32f0xx_tim.o(i.TIM_OC2Init)
    i.TIM_OC2PreloadConfig                   0x08002178   Section        0  stm32f0xx_tim.o(i.TIM_OC2PreloadConfig)
    i.TIM_OCStructInit                       0x08002190   Section        0  stm32f0xx_tim.o(i.TIM_OCStructInit)
    i.TIM_PWM_Config                         0x080021a4   Section        0  bldc.o(i.TIM_PWM_Config)
    TIM_PWM_Config                           0x080021a5   Thumb Code   142  bldc.o(i.TIM_PWM_Config)
    i.TIM_SelectOnePulseMode                 0x08002240   Section        0  stm32f0xx_tim.o(i.TIM_SelectOnePulseMode)
    i.TIM_SetCompare2                        0x08002254   Section        0  stm32f0xx_tim.o(i.TIM_SetCompare2)
    i.TIM_SetCounter                         0x08002258   Section        0  stm32f0xx_tim.o(i.TIM_SetCounter)
    i.TIM_SetIC1Prescaler                    0x0800225c   Section        0  stm32f0xx_tim.o(i.TIM_SetIC1Prescaler)
    i.TIM_SetIC2Prescaler                    0x08002270   Section        0  stm32f0xx_tim.o(i.TIM_SetIC2Prescaler)
    i.TIM_SetIC3Prescaler                    0x08002288   Section        0  stm32f0xx_tim.o(i.TIM_SetIC3Prescaler)
    i.TIM_SetIC4Prescaler                    0x0800229c   Section        0  stm32f0xx_tim.o(i.TIM_SetIC4Prescaler)
    i.TIM_TimeBaseInit                       0x080022b4   Section        0  stm32f0xx_tim.o(i.TIM_TimeBaseInit)
    i.TIM_TimeBaseStructInit                 0x08002330   Section        0  stm32f0xx_tim.o(i.TIM_TimeBaseStructInit)
    i.UART_COMInit                           0x08002344   Section        0  uart.o(i.UART_COMInit)
    i.UART_Init                              0x08002448   Section        0  uart.o(i.UART_Init)
    i.USART1_IRQHandler                      0x08002450   Section        0  stm32f0xx_it.o(i.USART1_IRQHandler)
    i.USART2_IRQHandler                      0x08002480   Section        0  stm32f0xx_it.o(i.USART2_IRQHandler)
    i.USART_Cmd                              0x080024b0   Section        0  stm32f0xx_usart.o(i.USART_Cmd)
    i.USART_Config                           0x080024c8   Section        0  uart.o(i.USART_Config)
    USART_Config                             0x080024c9   Thumb Code    44  uart.o(i.USART_Config)
    i.USART_GetFlagStatus                    0x080024f4   Section        0  stm32f0xx_usart.o(i.USART_GetFlagStatus)
    i.USART_GetITStatus                      0x08002508   Section        0  stm32f0xx_usart.o(i.USART_GetITStatus)
    i.USART_ITConfig                         0x08002556   Section        0  stm32f0xx_usart.o(i.USART_ITConfig)
    i.USART_Init                             0x08002598   Section        0  stm32f0xx_usart.o(i.USART_Init)
    i.USART_ReceiveData                      0x08002690   Section        0  stm32f0xx_usart.o(i.USART_ReceiveData)
    i.USART_SendData                         0x0800269a   Section        0  stm32f0xx_usart.o(i.USART_SendData)
    i.__0printf$8                            0x080026a4   Section        0  printf8.o(i.__0printf$8)
    i.__0sprintf$8                           0x080026c4   Section        0  printf8.o(i.__0sprintf$8)
    i.__ARM_clz                              0x080026ec   Section        0  depilogue.o(i.__ARM_clz)
    i.__ARM_common_switch8                   0x0800271a   Section        0  a4988.o(i.__ARM_common_switch8)
    i.__scatterload_copy                     0x08002736   Section       14  handlers.o(i.__scatterload_copy)
    i.__scatterload_null                     0x08002744   Section        2  handlers.o(i.__scatterload_null)
    i.__scatterload_zeroinit                 0x08002746   Section       14  handlers.o(i.__scatterload_zeroinit)
    i._printf_core                           0x08002754   Section        0  printf8.o(i._printf_core)
    _printf_core                             0x08002755   Thumb Code  1020  printf8.o(i._printf_core)
    i._printf_post_padding                   0x08002b7c   Section        0  printf8.o(i._printf_post_padding)
    _printf_post_padding                     0x08002b7d   Thumb Code    32  printf8.o(i._printf_post_padding)
    i._printf_pre_padding                    0x08002b9c   Section        0  printf8.o(i._printf_pre_padding)
    _printf_pre_padding                      0x08002b9d   Thumb Code    44  printf8.o(i._printf_pre_padding)
    i._sputc                                 0x08002bc8   Section        0  printf8.o(i._sputc)
    _sputc                                   0x08002bc9   Thumb Code    10  printf8.o(i._sputc)
    i.comm_print_cmd                         0x08002bd4   Section        0  communication.o(i.comm_print_cmd)
    comm_print_cmd                           0x08002bd5   Thumb Code    56  communication.o(i.comm_print_cmd)
    i.comm_receivedByte                      0x08002c18   Section        0  communication.o(i.comm_receivedByte)
    i.communication_callback                 0x08002c68   Section        0  communication.o(i.communication_callback)
    i.crc8                                   0x0800360c   Section        0  crc8.o(i.crc8)
    i.fputc                                  0x08003638   Section        0  uart.o(i.fputc)
    i.init_crc8                              0x08003678   Section        0  crc8.o(i.init_crc8)
    init_crc8                                0x08003679   Thumb Code    68  crc8.o(i.init_crc8)
    i.main                                   0x080036c4   Section        0  main.o(i.main)
    .constdata                               0x0800375c   Section       42  uart.o(.constdata)
    .constdata                               0x08003786   Section       64  ctype_c.o(.constdata)
    .data                                    0x20000000   Section       20  system_stm32f0xx.o(.data)
    .data                                    0x20000014   Section        8  main.o(.data)
    Tick100ms                                0x20000014   Data           4  main.o(.data)
    Timer100ms                               0x20000018   Data           4  main.o(.data)
    .data                                    0x2000001c   Section        2  communication.o(.data)
    .data                                    0x2000001e   Section       16  stm32f0xx_rcc.o(.data)
    APBAHBPrescTable                         0x2000001e   Data          16  stm32f0xx_rcc.o(.data)
    .data                                    0x20000030   Section       24  uart.o(.data)
    .data                                    0x20000048   Section       36  bldc.o(.data)
    RPM_Adjust_requested                     0x20000050   Data           1  bldc.o(.data)
    BLDC_Startup_Mode                        0x20000051   Data           1  bldc.o(.data)
    BLDC_RPM_target                          0x20000054   Data           4  bldc.o(.data)
    FGPeriod                                 0x20000058   Data           2  bldc.o(.data)
    motorHalted_cnt                          0x2000005c   Data           4  bldc.o(.data)
    loopCount                                0x20000060   Data           4  bldc.o(.data)
    FGPeriodHistInd                          0x20000064   Data           1  bldc.o(.data)
    FGPeriodHistCnt                          0x20000065   Data           1  bldc.o(.data)
    FGPeriodHist                             0x20000066   Data           6  bldc.o(.data)
    .data                                    0x2000006c   Section       16  a4988.o(.data)
    STEP_steps_requested                     0x2000006c   Data           4  a4988.o(.data)
    STEP_steps_moved                         0x20000070   Data           4  a4988.o(.data)
    STEP_PWM_freq                            0x20000074   Data           4  a4988.o(.data)
    STEP_StepPDist                           0x20000078   Data           4  a4988.o(.data)
    .data                                    0x2000007c   Section        4  led.o(.data)
    BlinkRequest                             0x2000007c   Data           1  led.o(.data)
    BlinkCount                               0x2000007d   Data           3  led.o(.data)
    .data                                    0x20000080   Section        1  crc8.o(.data)
    made_table                               0x20000080   Data           1  crc8.o(.data)
    .data                                    0x20000084   Section        4  stdout.o(.data)
    .bss                                     0x20000088   Section       40  communication.o(.bss)
    .bss                                     0x200000b0   Section       20  bldc.o(.bss)
    .bss                                     0x200000c4   Section       32  a4988.o(.bss)
    TIM_TimeBaseStructure                    0x200000c4   Data          12  a4988.o(.bss)
    TIM_OCInitStructure                      0x200000d0   Data          20  a4988.o(.bss)
    .bss                                     0x200000e4   Section      256  crc8.o(.bss)
    crc8_table                               0x200000e4   Data         256  crc8.o(.bss)
    STACK                                    0x200001e8   Section     1024  startup_stm32f051.o(STACK)

    Global Symbols

    Symbol Name                              Value     Ov Type        Size  Object(Section)

    BuildAttributes$$THM_ISAv3M$S$PE$A:L22$X:L11$S22$IEEE1$IW$USESV6$~STKCKD$USESV7$~SHL$OSPACE$ROPI$EBA8$MICROLIB$REQ8$PRES8$EABIv2 0x00000000   Number         0  anon$$obj.o ABSOLUTE
    __ARM_use_no_argv                        0x00000000   Number         0  main.o ABSOLUTE
    _printf_a                                0x00000000   Number         0  stubs.o ABSOLUTE
    _printf_c                                0x00000000   Number         0  stubs.o ABSOLUTE
    _printf_charcount                        0x00000000   Number         0  stubs.o ABSOLUTE
    _printf_d                                0x00000000   Number         0  stubs.o ABSOLUTE
    _printf_e                                0x00000000   Number         0  stubs.o ABSOLUTE
    _printf_f                                0x00000000   Number         0  stubs.o ABSOLUTE
    _printf_flags                            0x00000000   Number         0  stubs.o ABSOLUTE
    _printf_fp_dec                           0x00000000   Number         0  stubs.o ABSOLUTE
    _printf_fp_hex                           0x00000000   Number         0  stubs.o ABSOLUTE
    _printf_g                                0x00000000   Number         0  stubs.o ABSOLUTE
    _printf_i                                0x00000000   Number         0  stubs.o ABSOLUTE
    _printf_int_dec                          0x00000000   Number         0  stubs.o ABSOLUTE
    _printf_l                                0x00000000   Number         0  stubs.o ABSOLUTE
    _printf_lc                               0x00000000   Number         0  stubs.o ABSOLUTE
    _printf_ll                               0x00000000   Number         0  stubs.o ABSOLUTE
    _printf_lld                              0x00000000   Number         0  stubs.o ABSOLUTE
    _printf_lli                              0x00000000   Number         0  stubs.o ABSOLUTE
    _printf_llo                              0x00000000   Number         0  stubs.o ABSOLUTE
    _printf_llu                              0x00000000   Number         0  stubs.o ABSOLUTE
    _printf_llx                              0x00000000   Number         0  stubs.o ABSOLUTE
    _printf_longlong_dec                     0x00000000   Number         0  stubs.o ABSOLUTE
    _printf_longlong_hex                     0x00000000   Number         0  stubs.o ABSOLUTE
    _printf_longlong_oct                     0x00000000   Number         0  stubs.o ABSOLUTE
    _printf_ls                               0x00000000   Number         0  stubs.o ABSOLUTE
    _printf_mbtowc                           0x00000000   Number         0  stubs.o ABSOLUTE
    _printf_n                                0x00000000   Number         0  stubs.o ABSOLUTE
    _printf_o                                0x00000000   Number         0  stubs.o ABSOLUTE
    _printf_p                                0x00000000   Number         0  stubs.o ABSOLUTE
    _printf_percent                          0x00000000   Number         0  stubs.o ABSOLUTE
    _printf_pre_padding                      0x00000000   Number         0  stubs.o ABSOLUTE
    _printf_return_value                     0x00000000   Number         0  stubs.o ABSOLUTE
    _printf_s                                0x00000000   Number         0  stubs.o ABSOLUTE
    _printf_sizespec                         0x00000000   Number         0  stubs.o ABSOLUTE
    _printf_str                              0x00000000   Number         0  stubs.o ABSOLUTE
    _printf_truncate_signed                  0x00000000   Number         0  stubs.o ABSOLUTE
    _printf_truncate_unsigned                0x00000000   Number         0  stubs.o ABSOLUTE
    _printf_u                                0x00000000   Number         0  stubs.o ABSOLUTE
    _printf_wc                               0x00000000   Number         0  stubs.o ABSOLUTE
    _printf_wctomb                           0x00000000   Number         0  stubs.o ABSOLUTE
    _printf_widthprec                        0x00000000   Number         0  stubs.o ABSOLUTE
    _printf_x                                0x00000000   Number         0  stubs.o ABSOLUTE
    __cpp_initialize__aeabi_                  - Undefined Weak Reference
    __cxa_finalize                            - Undefined Weak Reference
    __decompress                              - Undefined Weak Reference
    _clock_init                               - Undefined Weak Reference
    _microlib_exit                            - Undefined Weak Reference
    _scanf_longlong                           - Undefined Weak Reference
    _scanf_real                               - Undefined Weak Reference
    _scanf_string                             - Undefined Weak Reference
    __Vectors_Size                           0x000000c0   Number         0  startup_stm32f051.o ABSOLUTE
    __Vectors                                0x08000000   Data           4  startup_stm32f051.o(RESET)
    __Vectors_End                            0x080000c0   Data           0  startup_stm32f051.o(RESET)
    __main                                   0x080000c1   Thumb Code     0  entry.o(.ARM.Collect$$$$00000000)
    _main_stk                                0x080000c1   Thumb Code     0  entry2.o(.ARM.Collect$$$$00000001)
    _main_scatterload                        0x080000c5   Thumb Code     0  entry5.o(.ARM.Collect$$$$00000004)
    __main_after_scatterload                 0x080000c9   Thumb Code     0  entry5.o(.ARM.Collect$$$$00000004)
    _main_clock                              0x080000c9   Thumb Code     0  entry7b.o(.ARM.Collect$$$$00000008)
    _main_cpp_init                           0x080000c9   Thumb Code     0  entry8b.o(.ARM.Collect$$$$0000000A)
    _main_init                               0x080000c9   Thumb Code     0  entry9a.o(.ARM.Collect$$$$0000000B)
    __rt_final_cpp                           0x080000d1   Thumb Code     0  entry10a.o(.ARM.Collect$$$$0000000D)
    __rt_final_exit                          0x080000d1   Thumb Code     0  entry11a.o(.ARM.Collect$$$$0000000F)
    Reset_Handler                            0x080000d5   Thumb Code    38  startup_stm32f051.o(.text)
    ADC1_COMP_IRQHandler                     0x08000105   Thumb Code     0  startup_stm32f051.o(.text)
    CEC_IRQHandler                           0x08000105   Thumb Code     0  startup_stm32f051.o(.text)
    DMA1_Channel1_IRQHandler                 0x08000105   Thumb Code     0  startup_stm32f051.o(.text)
    DMA1_Channel2_3_IRQHandler               0x08000105   Thumb Code     0  startup_stm32f051.o(.text)
    DMA1_Channel4_5_IRQHandler               0x08000105   Thumb Code     0  startup_stm32f051.o(.text)
    EXTI0_1_IRQHandler                       0x08000105   Thumb Code     0  startup_stm32f051.o(.text)
    EXTI2_3_IRQHandler                       0x08000105   Thumb Code     0  startup_stm32f051.o(.text)
    EXTI4_15_IRQHandler                      0x08000105   Thumb Code     0  startup_stm32f051.o(.text)
    FLASH_IRQHandler                         0x08000105   Thumb Code     0  startup_stm32f051.o(.text)
    I2C1_IRQHandler                          0x08000105   Thumb Code     0  startup_stm32f051.o(.text)
    I2C2_IRQHandler                          0x08000105   Thumb Code     0  startup_stm32f051.o(.text)
    PVD_IRQHandler                           0x08000105   Thumb Code     0  startup_stm32f051.o(.text)
    RCC_IRQHandler                           0x08000105   Thumb Code     0  startup_stm32f051.o(.text)
    RTC_IRQHandler                           0x08000105   Thumb Code     0  startup_stm32f051.o(.text)
    SPI1_IRQHandler                          0x08000105   Thumb Code     0  startup_stm32f051.o(.text)
    SPI2_IRQHandler                          0x08000105   Thumb Code     0  startup_stm32f051.o(.text)
    TIM15_IRQHandler                         0x08000105   Thumb Code     0  startup_stm32f051.o(.text)
    TIM16_IRQHandler                         0x08000105   Thumb Code     0  startup_stm32f051.o(.text)
    TIM1_BRK_UP_TRG_COM_IRQHandler           0x08000105   Thumb Code     0  startup_stm32f051.o(.text)
    TIM1_CC_IRQHandler                       0x08000105   Thumb Code     0  startup_stm32f051.o(.text)
    TIM2_IRQHandler                          0x08000105   Thumb Code     0  startup_stm32f051.o(.text)
    TIM3_IRQHandler                          0x08000105   Thumb Code     0  startup_stm32f051.o(.text)
    TIM6_DAC_IRQHandler                      0x08000105   Thumb Code     0  startup_stm32f051.o(.text)
    TS_IRQHandler                            0x08000105   Thumb Code     0  startup_stm32f051.o(.text)
    WWDG_IRQHandler                          0x08000105   Thumb Code     0  startup_stm32f051.o(.text)
    __aeabi_uidiv                            0x0800012d   Thumb Code     0  uidiv.o(.text)
    __aeabi_uidivmod                         0x0800012d   Thumb Code    44  uidiv.o(.text)
    __aeabi_idiv                             0x08000159   Thumb Code     0  idiv.o(.text)
    __aeabi_idivmod                          0x08000159   Thumb Code    40  idiv.o(.text)
    __aeabi_memset                           0x08000181   Thumb Code    14  memseta.o(.text)
    __aeabi_memset4                          0x08000181   Thumb Code     0  memseta.o(.text)
    __aeabi_memset8                          0x08000181   Thumb Code     0  memseta.o(.text)
    __aeabi_memclr                           0x0800018f   Thumb Code     4  memseta.o(.text)
    __aeabi_memclr4                          0x0800018f   Thumb Code     0  memseta.o(.text)
    __aeabi_memclr8                          0x0800018f   Thumb Code     0  memseta.o(.text)
    _memset$wrapper                          0x08000193   Thumb Code    18  memseta.o(.text)
    memcmp                                   0x080001a5   Thumb Code    26  memcmp.o(.text)
    strncat                                  0x080001bf   Thumb Code    40  strncat.o(.text)
    __0sscanf                                0x080001e9   Thumb Code    50  __0sscanf.o(.text)
    _scanf_int                               0x08000225   Thumb Code   330  _scanf_int.o(.text)
    __aeabi_ddiv                             0x08000371   Thumb Code   234  ddiv.o(.text)
    __aeabi_ui2d                             0x08000461   Thumb Code    24  dfltui.o(.text)
    __aeabi_d2uiz                            0x0800047d   Thumb Code    50  dfixui.o(.text)
    __aeabi_uldivmod                         0x080004b9   Thumb Code    96  uldiv.o(.text)
    __aeabi_llsr                             0x08000519   Thumb Code    34  llushr.o(.text)
    _ll_ushift_r                             0x08000519   Thumb Code     0  llushr.o(.text)
    _chval                                   0x0800053b   Thumb Code    30  _chval.o(.text)
    __vfscanf_char                           0x08000565   Thumb Code    24  scanf_char.o(.text)
    _sgetc                                   0x08000585   Thumb Code    32  _sgetc.o(.text)
    _sbackspace                              0x080005a5   Thumb Code    36  _sgetc.o(.text)
    __I$use$fp                               0x080005c9   Thumb Code     0  iusefp.o(.text)
    _double_round                            0x080005c9   Thumb Code    26  depilogue.o(.text)
    _double_epilogue                         0x080005e3   Thumb Code   164  depilogue.o(.text)
    __scatterload                            0x08000689   Thumb Code    28  init.o(.text)
    __scatterload_rt2                        0x08000689   Thumb Code     0  init.o(.text)
    __aeabi_llsl                             0x080006ad   Thumb Code    32  llshl.o(.text)
    _ll_shift_l                              0x080006ad   Thumb Code     0  llshl.o(.text)
    isspace                                  0x080006cd   Thumb Code    14  isspace_c.o(.text)
    __vfscanf                                0x080006dd   Thumb Code   812  _scanf.o(.text)
    __ctype_lookup                           0x08000a15   Thumb Code    32  ctype_c.o(.text)
    A4988_Init                               0x08000a39   Thumb Code    32  a4988.o(i.A4988_Init)
    BLDC_FG_PulseDetected                    0x08000a59   Thumb Code   158  bldc.o(i.BLDC_FG_PulseDetected)
    BLDC_FG_PulseMissing                     0x08000b19   Thumb Code    64  bldc.o(i.BLDC_FG_PulseMissing)
    BLDC_GetDirection                        0x08000bd5   Thumb Code    24  bldc.o(i.BLDC_GetDirection)
    BLDC_RPM_control                         0x08000bf1   Thumb Code   286  bldc.o(i.BLDC_RPM_control)
    BLDC_SetDirection                        0x08000d29   Thumb Code    32  bldc.o(i.BLDC_SetDirection)
    BLDC_getPWM                              0x08000d4d   Thumb Code    42  bldc.o(i.BLDC_getPWM)
    BLDC_getPower                            0x08000d81   Thumb Code    14  bldc.o(i.BLDC_getPower)
    BLDC_getRPM                              0x08000d95   Thumb Code    36  bldc.o(i.BLDC_getRPM)
    BLDC_init                                0x08000dc1   Thumb Code    34  bldc.o(i.BLDC_init)
    BLDC_powerOff                            0x08000de9   Thumb Code    26  bldc.o(i.BLDC_powerOff)
    BLDC_powerOn                             0x08000e0d   Thumb Code    22  bldc.o(i.BLDC_powerOn)
    BLDC_setPWM                              0x08000e2d   Thumb Code    42  bldc.o(i.BLDC_setPWM)
    BLDC_setRPM                              0x08000e61   Thumb Code    60  bldc.o(i.BLDC_setRPM)
    CheckLimitSwitches                       0x08000ea5   Thumb Code    38  limitsw.o(i.CheckLimitSwitches)
    GPIO_Init                                0x08000ed1   Thumb Code   144  stm32f0xx_gpio.o(i.GPIO_Init)
    GPIO_PinAFConfig                         0x08000f61   Thumb Code    68  stm32f0xx_gpio.o(i.GPIO_PinAFConfig)
    GPIO_ReadInputDataBit                    0x08000fa5   Thumb Code    20  stm32f0xx_gpio.o(i.GPIO_ReadInputDataBit)
    GPIO_ReadOutputDataBit                   0x08000fb9   Thumb Code    20  stm32f0xx_gpio.o(i.GPIO_ReadOutputDataBit)
    GPIO_ResetBits                           0x08000fcd   Thumb Code     4  stm32f0xx_gpio.o(i.GPIO_ResetBits)
    GPIO_SetBits                             0x08000fd1   Thumb Code     4  stm32f0xx_gpio.o(i.GPIO_SetBits)
    HardFault_Handler                        0x08000fd5   Thumb Code     4  stm32f0xx_it.o(i.HardFault_Handler)
    LED_Blink                                0x08000fd9   Thumb Code    22  led.o(i.LED_Blink)
    LED_Blinker                              0x08000ff5   Thumb Code    82  led.o(i.LED_Blinker)
    LED_Init                                 0x08001051   Thumb Code   118  led.o(i.LED_Init)
    LED_Set                                  0x080010cd   Thumb Code   158  led.o(i.LED_Set)
    LimitSW_Init                             0x08001175   Thumb Code    74  limitsw.o(i.LimitSW_Init)
    NMI_Handler                              0x080011c5   Thumb Code     2  stm32f0xx_it.o(i.NMI_Handler)
    NVIC_Init                                0x080011c9   Thumb Code   106  stm32f0xx_misc.o(i.NVIC_Init)
    PendSV_Handler                           0x080012b1   Thumb Code     2  stm32f0xx_it.o(i.PendSV_Handler)
    RCC_AHBPeriphClockCmd                    0x080012b5   Thumb Code    28  stm32f0xx_rcc.o(i.RCC_AHBPeriphClockCmd)
    RCC_APB1PeriphClockCmd                   0x080012d5   Thumb Code    28  stm32f0xx_rcc.o(i.RCC_APB1PeriphClockCmd)
    RCC_APB2PeriphClockCmd                   0x080012f5   Thumb Code    28  stm32f0xx_rcc.o(i.RCC_APB2PeriphClockCmd)
    RCC_GetClocksFreq                        0x08001315   Thumb Code   554  stm32f0xx_rcc.o(i.RCC_GetClocksFreq)
    STEP_GetDirection                        0x080016c9   Thumb Code    24  a4988.o(i.STEP_GetDirection)
    STEP_MicroGet                            0x080016e1   Thumb Code    90  a4988.o(i.STEP_MicroGet)
    STEP_MicroSet                            0x08001741   Thumb Code   154  a4988.o(i.STEP_MicroSet)
    STEP_Move                                0x080017e1   Thumb Code   120  a4988.o(i.STEP_Move)
    STEP_MoveDist                            0x08001875   Thumb Code    38  a4988.o(i.STEP_MoveDist)
    STEP_PWM_Completed                       0x080018e9   Thumb Code    56  a4988.o(i.STEP_PWM_Completed)
    STEP_SetDirection                        0x080019ed   Thumb Code    44  a4988.o(i.STEP_SetDirection)
    STEP_enableOff                           0x08001a39   Thumb Code    20  a4988.o(i.STEP_enableOff)
    STEP_enableOn                            0x08001a51   Thumb Code    20  a4988.o(i.STEP_enableOn)
    STEP_getEnable                           0x08001a69   Thumb Code    24  a4988.o(i.STEP_getEnable)
    STEP_getFreq                             0x08001a85   Thumb Code     6  a4988.o(i.STEP_getFreq)
    STEP_getReset                            0x08001a91   Thumb Code    24  a4988.o(i.STEP_getReset)
    STEP_getSleep                            0x08001aa9   Thumb Code    24  a4988.o(i.STEP_getSleep)
    STEP_getStatus                           0x08001ac1   Thumb Code    48  a4988.o(i.STEP_getStatus)
    STEP_getStepPDist                        0x08001af9   Thumb Code     6  a4988.o(i.STEP_getStepPDist)
    STEP_resetOff                            0x08001b05   Thumb Code    20  a4988.o(i.STEP_resetOff)
    STEP_setFreq                             0x08001b19   Thumb Code    10  a4988.o(i.STEP_setFreq)
    STEP_setStepPDist                        0x08001b29   Thumb Code    10  a4988.o(i.STEP_setStepPDist)
    STEP_sleepOff                            0x08001b39   Thumb Code    20  a4988.o(i.STEP_sleepOff)
    STEP_sleepOn                             0x08001b4d   Thumb Code    20  a4988.o(i.STEP_sleepOn)
    SVC_Handler                              0x08001b61   Thumb Code     2  stm32f0xx_it.o(i.SVC_Handler)
    SYSTICK_Callback                         0x08001b65   Thumb Code    30  main.o(i.SYSTICK_Callback)
    SysTick_Handler                          0x08001c65   Thumb Code     8  stm32f0xx_it.o(i.SysTick_Handler)
    SystemInit                               0x08001c6d   Thumb Code   110  system_stm32f0xx.o(i.SystemInit)
    TIM14_IRQHandler                         0x08001e05   Thumb Code    28  stm32f0xx_it.o(i.TIM14_IRQHandler)
    TIM17_IRQHandler                         0x08001e25   Thumb Code    52  stm32f0xx_it.o(i.TIM17_IRQHandler)
    TIM_ARRPreloadConfig                     0x08001e5d   Thumb Code    24  stm32f0xx_tim.o(i.TIM_ARRPreloadConfig)
    TIM_ClearITPendingBit                    0x08001e79   Thumb Code     6  stm32f0xx_tim.o(i.TIM_ClearITPendingBit)
    TIM_Cmd                                  0x08001e81   Thumb Code    24  stm32f0xx_tim.o(i.TIM_Cmd)
    TIM_GenerateEvent                        0x08001f65   Thumb Code     4  stm32f0xx_tim.o(i.TIM_GenerateEvent)
    TIM_GetCapture1                          0x08001f69   Thumb Code     6  stm32f0xx_tim.o(i.TIM_GetCapture1)
    TIM_GetCapture2                          0x08001f6f   Thumb Code     6  stm32f0xx_tim.o(i.TIM_GetCapture2)
    TIM_GetITStatus                          0x08001f75   Thumb Code    38  stm32f0xx_tim.o(i.TIM_GetITStatus)
    TIM_ICInit                               0x08001f9b   Thumb Code   112  stm32f0xx_tim.o(i.TIM_ICInit)
    TIM_ITConfig                             0x0800200b   Thumb Code    20  stm32f0xx_tim.o(i.TIM_ITConfig)
    TIM_OC1Init                              0x08002021   Thumb Code   122  stm32f0xx_tim.o(i.TIM_OC1Init)
    TIM_OC1PreloadConfig                     0x080020b5   Thumb Code    20  stm32f0xx_tim.o(i.TIM_OC1PreloadConfig)
    TIM_OC2Init                              0x080020cd   Thumb Code   142  stm32f0xx_tim.o(i.TIM_OC2Init)
    TIM_OC2PreloadConfig                     0x08002179   Thumb Code    20  stm32f0xx_tim.o(i.TIM_OC2PreloadConfig)
    TIM_OCStructInit                         0x08002191   Thumb Code    20  stm32f0xx_tim.o(i.TIM_OCStructInit)
    TIM_SelectOnePulseMode                   0x08002241   Thumb Code    16  stm32f0xx_tim.o(i.TIM_SelectOnePulseMode)
    TIM_SetCompare2                          0x08002255   Thumb Code     4  stm32f0xx_tim.o(i.TIM_SetCompare2)
    TIM_SetCounter                           0x08002259   Thumb Code     4  stm32f0xx_tim.o(i.TIM_SetCounter)
    TIM_SetIC1Prescaler                      0x0800225d   Thumb Code    16  stm32f0xx_tim.o(i.TIM_SetIC1Prescaler)
    TIM_SetIC2Prescaler                      0x08002271   Thumb Code    20  stm32f0xx_tim.o(i.TIM_SetIC2Prescaler)
    TIM_SetIC3Prescaler                      0x08002289   Thumb Code    16  stm32f0xx_tim.o(i.TIM_SetIC3Prescaler)
    TIM_SetIC4Prescaler                      0x0800229d   Thumb Code    20  stm32f0xx_tim.o(i.TIM_SetIC4Prescaler)
    TIM_TimeBaseInit                         0x080022b5   Thumb Code    90  stm32f0xx_tim.o(i.TIM_TimeBaseInit)
    TIM_TimeBaseStructInit                   0x08002331   Thumb Code    18  stm32f0xx_tim.o(i.TIM_TimeBaseStructInit)
    UART_COMInit                             0x08002345   Thumb Code   204  uart.o(i.UART_COMInit)
    UART_Init                                0x08002449   Thumb Code     8  uart.o(i.UART_Init)
    USART1_IRQHandler                        0x08002451   Thumb Code    38  stm32f0xx_it.o(i.USART1_IRQHandler)
    USART2_IRQHandler                        0x08002481   Thumb Code    38  stm32f0xx_it.o(i.USART2_IRQHandler)
    USART_Cmd                                0x080024b1   Thumb Code    24  stm32f0xx_usart.o(i.USART_Cmd)
    USART_GetFlagStatus                      0x080024f5   Thumb Code    20  stm32f0xx_usart.o(i.USART_GetFlagStatus)
    USART_GetITStatus                        0x08002509   Thumb Code    78  stm32f0xx_usart.o(i.USART_GetITStatus)
    USART_ITConfig                           0x08002557   Thumb Code    66  stm32f0xx_usart.o(i.USART_ITConfig)
    USART_Init                               0x08002599   Thumb Code   226  stm32f0xx_usart.o(i.USART_Init)
    USART_ReceiveData                        0x08002691   Thumb Code    10  stm32f0xx_usart.o(i.USART_ReceiveData)
    USART_SendData                           0x0800269b   Thumb Code     8  stm32f0xx_usart.o(i.USART_SendData)
    __0printf$8                              0x080026a5   Thumb Code    24  printf8.o(i.__0printf$8)
    __1printf$8                              0x080026a5   Thumb Code     0  printf8.o(i.__0printf$8)
    __2printf                                0x080026a5   Thumb Code     0  printf8.o(i.__0printf$8)
    __0sprintf$8                             0x080026c5   Thumb Code    36  printf8.o(i.__0sprintf$8)
    __1sprintf$8                             0x080026c5   Thumb Code     0  printf8.o(i.__0sprintf$8)
    __2sprintf                               0x080026c5   Thumb Code     0  printf8.o(i.__0sprintf$8)
    __ARM_clz                                0x080026ed   Thumb Code    46  depilogue.o(i.__ARM_clz)
    __ARM_common_switch8                     0x0800271b   Thumb Code    28  a4988.o(i.__ARM_common_switch8)
    __scatterload_copy                       0x08002737   Thumb Code    14  handlers.o(i.__scatterload_copy)
    __scatterload_null                       0x08002745   Thumb Code     2  handlers.o(i.__scatterload_null)
    __scatterload_zeroinit                   0x08002747   Thumb Code    14  handlers.o(i.__scatterload_zeroinit)
    comm_receivedByte                        0x08002c19   Thumb Code    68  communication.o(i.comm_receivedByte)
    communication_callback                   0x08002c69   Thumb Code  2018  communication.o(i.communication_callback)
    crc8                                     0x0800360d   Thumb Code    34  crc8.o(i.crc8)
    fputc                                    0x08003639   Thumb Code    54  uart.o(i.fputc)
    main                                     0x080036c5   Thumb Code   128  main.o(i.main)
    COM_USART_CLK                            0x0800375c   Data           8  uart.o(.constdata)
    COM_TX_PORT_CLK                          0x08003764   Data           8  uart.o(.constdata)
    COM_RX_PORT_CLK                          0x0800376c   Data           8  uart.o(.constdata)
    COM_TX_PIN                               0x08003774   Data           4  uart.o(.constdata)
    COM_RX_PIN                               0x08003778   Data           4  uart.o(.constdata)
    COM_TX_PIN_SOURCE                        0x0800377c   Data           2  uart.o(.constdata)
    COM_RX_PIN_SOURCE                        0x0800377e   Data           2  uart.o(.constdata)
    COM_TX_AF                                0x08003780   Data           2  uart.o(.constdata)
    COM_RX_AF                                0x08003782   Data           2  uart.o(.constdata)
    COM_RX_IRQn                              0x08003784   Data           2  uart.o(.constdata)
    __ctype_categories                       0x08003786   Data          64  ctype_c.o(.constdata)
    Region$$Table$$Base                      0x080037c8   Number         0  anon$$obj.o(Region$$Table)
    Region$$Table$$Limit                     0x080037e8   Number         0  anon$$obj.o(Region$$Table)
    SystemCoreClock                          0x20000000   Data           4  system_stm32f0xx.o(.data)
    AHBPrescTable                            0x20000004   Data          16  system_stm32f0xx.o(.data)
    uart_pointer                             0x2000001c   Data           1  communication.o(.data)
    UART_cmdReceived                         0x2000001d   Data           1  communication.o(.data)
    COM_USART                                0x20000030   Data           8  uart.o(.data)
    COM_TX_PORT                              0x20000038   Data           8  uart.o(.data)
    COM_RX_PORT                              0x20000040   Data           8  uart.o(.data)
    GPIO_InitStructure                       0x20000048   Data           8  bldc.o(.data)
    __stdout                                 0x20000084   Data           4  stdout.o(.data)
    UART_cmd_buff                            0x20000088   Data          40  communication.o(.bss)
    TIM_OCInitStructure                      0x200000b0   Data          20  bldc.o(.bss)
    __initial_sp                             0x200005e8   Data           0  startup_stm32f051.o(STACK)



==============================================================================

Memory Map of the image

  Image Entry point : 0x080000c1

  Load Region LR_IROM1 (Base: 0x08000000, Size: 0x00003870, Max: 0x00010000, ABSOLUTE)

    Execution Region ER_IROM1 (Base: 0x08000000, Size: 0x000037e8, Max: 0x00010000, ABSOLUTE)

    Base Addr    Size         Type   Attr      Idx    E Section Name        Object

    0x08000000   0x000000c0   Data   RO          130    RESET               startup_stm32f051.o
    0x080000c0   0x00000000   Code   RO         4362  * .ARM.Collect$$$$00000000  mc_p.l(entry.o)
    0x080000c0   0x00000004   Code   RO         4646    .ARM.Collect$$$$00000001  mc_p.l(entry2.o)
    0x080000c4   0x00000004   Code   RO         4649    .ARM.Collect$$$$00000004  mc_p.l(entry5.o)
    0x080000c8   0x00000000   Code   RO         4651    .ARM.Collect$$$$00000008  mc_p.l(entry7b.o)
    0x080000c8   0x00000000   Code   RO         4653    .ARM.Collect$$$$0000000A  mc_p.l(entry8b.o)
    0x080000c8   0x00000008   Code   RO         4654    .ARM.Collect$$$$0000000B  mc_p.l(entry9a.o)
    0x080000d0   0x00000000   Code   RO         4656    .ARM.Collect$$$$0000000D  mc_p.l(entry10a.o)
    0x080000d0   0x00000000   Code   RO         4658    .ARM.Collect$$$$0000000F  mc_p.l(entry11a.o)
    0x080000d0   0x00000004   Code   RO         4647    .ARM.Collect$$$$00002712  mc_p.l(entry2.o)
    0x080000d4   0x00000058   Code   RO          131    .text               startup_stm32f051.o
    0x0800012c   0x0000002c   Code   RO         4365    .text               mc_p.l(uidiv.o)
    0x08000158   0x00000028   Code   RO         4367    .text               mc_p.l(idiv.o)
    0x08000180   0x00000024   Code   RO         4369    .text               mc_p.l(memseta.o)
    0x080001a4   0x0000001a   Code   RO         4371    .text               mc_p.l(memcmp.o)
    0x080001be   0x00000028   Code   RO         4373    .text               mc_p.l(strncat.o)
    0x080001e6   0x00000002   PAD
    0x080001e8   0x0000003c   Code   RO         4636    .text               mc_p.l(__0sscanf.o)
    0x08000224   0x0000014a   Code   RO         4638    .text               mc_p.l(_scanf_int.o)
    0x0800036e   0x00000002   PAD
    0x08000370   0x000000f0   Code   RO         4640    .text               mf_p.l(ddiv.o)
    0x08000460   0x0000001c   Code   RO         4642    .text               mf_p.l(dfltui.o)
    0x0800047c   0x0000003c   Code   RO         4644    .text               mf_p.l(dfixui.o)
    0x080004b8   0x00000060   Code   RO         4661    .text               mc_p.l(uldiv.o)
    0x08000518   0x00000022   Code   RO         4663    .text               mc_p.l(llushr.o)
    0x0800053a   0x0000001e   Code   RO         4665    .text               mc_p.l(_chval.o)
    0x08000558   0x0000002c   Code   RO         4667    .text               mc_p.l(scanf_char.o)
    0x08000584   0x00000044   Code   RO         4669    .text               mc_p.l(_sgetc.o)
    0x080005c8   0x00000000   Code   RO         4671    .text               mc_p.l(iusefp.o)
    0x080005c8   0x000000be   Code   RO         4672    .text               mf_p.l(depilogue.o)
    0x08000686   0x00000002   PAD
    0x08000688   0x00000024   Code   RO         4684    .text               mc_p.l(init.o)
    0x080006ac   0x00000020   Code   RO         4686    .text               mc_p.l(llshl.o)
    0x080006cc   0x0000000e   Code   RO         4690    .text               mc_p.l(isspace_c.o)
    0x080006da   0x00000002   PAD
    0x080006dc   0x00000338   Code   RO         4692    .text               mc_p.l(_scanf.o)
    0x08000a14   0x00000024   Code   RO         4694    .text               mc_p.l(ctype_c.o)
    0x08000a38   0x00000020   Code   RO         4103    i.A4988_Init        a4988.o
    0x08000a58   0x000000c0   Code   RO         3969    i.BLDC_FG_PulseDetected  bldc.o
    0x08000b18   0x00000050   Code   RO         3970    i.BLDC_FG_PulseMissing  bldc.o
    0x08000b68   0x0000006c   Code   RO         3971    i.BLDC_GPIO_Config  bldc.o
    0x08000bd4   0x0000001c   Code   RO         3972    i.BLDC_GetDirection  bldc.o
    0x08000bf0   0x00000138   Code   RO         3973    i.BLDC_RPM_control  bldc.o
    0x08000d28   0x00000024   Code   RO         3974    i.BLDC_SetDirection  bldc.o
    0x08000d4c   0x00000034   Code   RO         3976    i.BLDC_getPWM       bldc.o
    0x08000d80   0x00000014   Code   RO         3977    i.BLDC_getPower     bldc.o
    0x08000d94   0x0000002c   Code   RO         3978    i.BLDC_getRPM       bldc.o
    0x08000dc0   0x00000028   Code   RO         3979    i.BLDC_init         bldc.o
    0x08000de8   0x00000024   Code   RO         3980    i.BLDC_powerOff     bldc.o
    0x08000e0c   0x00000020   Code   RO         3981    i.BLDC_powerOn      bldc.o
    0x08000e2c   0x00000034   Code   RO         3982    i.BLDC_setPWM       bldc.o
    0x08000e60   0x00000044   Code   RO         3983    i.BLDC_setRPM       bldc.o
    0x08000ea4   0x0000002c   Code   RO         4315    i.CheckLimitSwitches  limitsw.o
    0x08000ed0   0x00000090   Code   RO         1602    i.GPIO_Init         stm32f0xx_gpio.o
    0x08000f60   0x00000044   Code   RO         1603    i.GPIO_PinAFConfig  stm32f0xx_gpio.o
    0x08000fa4   0x00000014   Code   RO         1606    i.GPIO_ReadInputDataBit  stm32f0xx_gpio.o
    0x08000fb8   0x00000014   Code   RO         1608    i.GPIO_ReadOutputDataBit  stm32f0xx_gpio.o
    0x08000fcc   0x00000004   Code   RO         1609    i.GPIO_ResetBits    stm32f0xx_gpio.o
    0x08000fd0   0x00000004   Code   RO         1610    i.GPIO_SetBits      stm32f0xx_gpio.o
    0x08000fd4   0x00000004   Code   RO          208    i.HardFault_Handler  stm32f0xx_it.o
    0x08000fd8   0x0000001c   Code   RO         4272    i.LED_Blink         led.o
    0x08000ff4   0x0000005c   Code   RO         4273    i.LED_Blinker       led.o
    0x08001050   0x0000007c   Code   RO         4274    i.LED_Init          led.o
    0x080010cc   0x000000a8   Code   RO         4275    i.LED_Set           led.o
    0x08001174   0x00000050   Code   RO         4316    i.LimitSW_Init      limitsw.o
    0x080011c4   0x00000002   Code   RO          209    i.NMI_Handler       stm32f0xx_it.o
    0x080011c6   0x00000002   PAD
    0x080011c8   0x00000070   Code   RO         2015    i.NVIC_Init         stm32f0xx_misc.o
    0x08001238   0x00000078   Code   RO          137    i.NVIC_SetPriority  main.o
    0x080012b0   0x00000002   Code   RO          210    i.PendSV_Handler    stm32f0xx_it.o
    0x080012b2   0x00000002   PAD
    0x080012b4   0x00000020   Code   RO         2122    i.RCC_AHBPeriphClockCmd  stm32f0xx_rcc.o
    0x080012d4   0x00000020   Code   RO         2124    i.RCC_APB1PeriphClockCmd  stm32f0xx_rcc.o
    0x080012f4   0x00000020   Code   RO         2126    i.RCC_APB2PeriphClockCmd  stm32f0xx_rcc.o
    0x08001314   0x00000248   Code   RO         2136    i.RCC_GetClocksFreq  stm32f0xx_rcc.o
    0x0800155c   0x0000003c   Code   RO         3984    i.RPM2PWM           bldc.o
    0x08001598   0x00000130   Code   RO         4104    i.STEP_GPIO_Config  a4988.o
    0x080016c8   0x00000018   Code   RO         4105    i.STEP_GetDirection  a4988.o
    0x080016e0   0x00000060   Code   RO         4106    i.STEP_MicroGet     a4988.o
    0x08001740   0x000000a0   Code   RO         4107    i.STEP_MicroSet     a4988.o
    0x080017e0   0x00000094   Code   RO         4108    i.STEP_Move         a4988.o
    0x08001874   0x0000002c   Code   RO         4109    i.STEP_MoveDist     a4988.o
    0x080018a0   0x00000048   Code   RO          289    i.STEP_Move_Sub     communication.o
    0x080018e8   0x00000044   Code   RO         4110    i.STEP_PWM_Completed  a4988.o
    0x0800192c   0x000000c0   Code   RO         4111    i.STEP_PWM_Config   a4988.o
    0x080019ec   0x0000002c   Code   RO         4112    i.STEP_SetDirection  a4988.o
    0x08001a18   0x00000020   Code   RO         4113    i.STEP_Stop         a4988.o
    0x08001a38   0x00000018   Code   RO         4114    i.STEP_enableOff    a4988.o
    0x08001a50   0x00000018   Code   RO         4115    i.STEP_enableOn     a4988.o
    0x08001a68   0x0000001c   Code   RO         4116    i.STEP_getEnable    a4988.o
    0x08001a84   0x0000000c   Code   RO         4117    i.STEP_getFreq      a4988.o
    0x08001a90   0x00000018   Code   RO         4118    i.STEP_getReset     a4988.o
    0x08001aa8   0x00000018   Code   RO         4119    i.STEP_getSleep     a4988.o
    0x08001ac0   0x00000038   Code   RO         4120    i.STEP_getStatus    a4988.o
    0x08001af8   0x0000000c   Code   RO         4121    i.STEP_getStepPDist  a4988.o
    0x08001b04   0x00000014   Code   RO         4122    i.STEP_resetOff     a4988.o
    0x08001b18   0x00000010   Code   RO         4124    i.STEP_setFreq      a4988.o
    0x08001b28   0x00000010   Code   RO         4125    i.STEP_setStepPDist  a4988.o
    0x08001b38   0x00000014   Code   RO         4126    i.STEP_sleepOff     a4988.o
    0x08001b4c   0x00000014   Code   RO         4127    i.STEP_sleepOn      a4988.o
    0x08001b60   0x00000002   Code   RO          211    i.SVC_Handler       stm32f0xx_it.o
    0x08001b62   0x00000002   PAD
    0x08001b64   0x00000028   Code   RO          138    i.SYSTICK_Callback  main.o
    0x08001b8c   0x000000d8   Code   RO            3    i.SetSysClock       system_stm32f0xx.o
    0x08001c64   0x00000008   Code   RO          212    i.SysTick_Handler   stm32f0xx_it.o
    0x08001c6c   0x0000007c   Code   RO            5    i.SystemInit        system_stm32f0xx.o
    0x08001ce8   0x00000038   Code   RO         2987    i.TI1_Config        stm32f0xx_tim.o
    0x08001d20   0x0000004c   Code   RO         2988    i.TI2_Config        stm32f0xx_tim.o
    0x08001d6c   0x00000048   Code   RO         2989    i.TI3_Config        stm32f0xx_tim.o
    0x08001db4   0x00000050   Code   RO         2990    i.TI4_Config        stm32f0xx_tim.o
    0x08001e04   0x00000020   Code   RO          213    i.TIM14_IRQHandler  stm32f0xx_it.o
    0x08001e24   0x00000038   Code   RO          214    i.TIM17_IRQHandler  stm32f0xx_it.o
    0x08001e5c   0x0000001c   Code   RO         2991    i.TIM_ARRPreloadConfig  stm32f0xx_tim.o
    0x08001e78   0x00000006   Code   RO         2998    i.TIM_ClearITPendingBit  stm32f0xx_tim.o
    0x08001e7e   0x00000002   PAD
    0x08001e80   0x0000001c   Code   RO         3003    i.TIM_Cmd           stm32f0xx_tim.o
    0x08001e9c   0x000000c8   Code   RO         3985    i.TIM_FG_Config     bldc.o
    0x08001f64   0x00000004   Code   RO         3017    i.TIM_GenerateEvent  stm32f0xx_tim.o
    0x08001f68   0x00000006   Code   RO         3018    i.TIM_GetCapture1   stm32f0xx_tim.o
    0x08001f6e   0x00000006   Code   RO         3019    i.TIM_GetCapture2   stm32f0xx_tim.o
    0x08001f74   0x00000026   Code   RO         3024    i.TIM_GetITStatus   stm32f0xx_tim.o
    0x08001f9a   0x00000070   Code   RO         3026    i.TIM_ICInit        stm32f0xx_tim.o
    0x0800200a   0x00000014   Code   RO         3028    i.TIM_ITConfig      stm32f0xx_tim.o
    0x0800201e   0x00000002   PAD
    0x08002020   0x00000094   Code   RO         3032    i.TIM_OC1Init       stm32f0xx_tim.o
    0x080020b4   0x00000018   Code   RO         3035    i.TIM_OC1PreloadConfig  stm32f0xx_tim.o
    0x080020cc   0x000000ac   Code   RO         3037    i.TIM_OC2Init       stm32f0xx_tim.o
    0x08002178   0x00000018   Code   RO         3040    i.TIM_OC2PreloadConfig  stm32f0xx_tim.o
    0x08002190   0x00000014   Code   RO         3050    i.TIM_OCStructInit  stm32f0xx_tim.o
    0x080021a4   0x0000009c   Code   RO         3986    i.TIM_PWM_Config    bldc.o
    0x08002240   0x00000014   Code   RO         3061    i.TIM_SelectOnePulseMode  stm32f0xx_tim.o
    0x08002254   0x00000004   Code   RO         3067    i.TIM_SetCompare2   stm32f0xx_tim.o
    0x08002258   0x00000004   Code   RO         3070    i.TIM_SetCounter    stm32f0xx_tim.o
    0x0800225c   0x00000014   Code   RO         3071    i.TIM_SetIC1Prescaler  stm32f0xx_tim.o
    0x08002270   0x00000018   Code   RO         3072    i.TIM_SetIC2Prescaler  stm32f0xx_tim.o
    0x08002288   0x00000014   Code   RO         3073    i.TIM_SetIC3Prescaler  stm32f0xx_tim.o
    0x0800229c   0x00000018   Code   RO         3074    i.TIM_SetIC4Prescaler  stm32f0xx_tim.o
    0x080022b4   0x0000007c   Code   RO         3076    i.TIM_TimeBaseInit  stm32f0xx_tim.o
    0x08002330   0x00000012   Code   RO         3077    i.TIM_TimeBaseStructInit  stm32f0xx_tim.o
    0x08002342   0x00000002   PAD
    0x08002344   0x00000104   Code   RO         3925    i.UART_COMInit      uart.o
    0x08002448   0x00000008   Code   RO         3926    i.UART_Init         uart.o
    0x08002450   0x00000030   Code   RO          215    i.USART1_IRQHandler  stm32f0xx_it.o
    0x08002480   0x00000030   Code   RO          216    i.USART2_IRQHandler  stm32f0xx_it.o
    0x080024b0   0x00000018   Code   RO         3562    i.USART_Cmd         stm32f0xx_usart.o
    0x080024c8   0x0000002c   Code   RO         3927    i.USART_Config      uart.o
    0x080024f4   0x00000014   Code   RO         3570    i.USART_GetFlagStatus  stm32f0xx_usart.o
    0x08002508   0x0000004e   Code   RO         3571    i.USART_GetITStatus  stm32f0xx_usart.o
    0x08002556   0x00000042   Code   RO         3573    i.USART_ITConfig    stm32f0xx_usart.o
    0x08002598   0x000000f8   Code   RO         3574    i.USART_Init        stm32f0xx_usart.o
    0x08002690   0x0000000a   Code   RO         3586    i.USART_ReceiveData  stm32f0xx_usart.o
    0x0800269a   0x00000008   Code   RO         3591    i.USART_SendData    stm32f0xx_usart.o
    0x080026a2   0x00000002   PAD
    0x080026a4   0x00000020   Code   RO         4582    i.__0printf$8       mc_p.l(printf8.o)
    0x080026c4   0x00000028   Code   RO         4584    i.__0sprintf$8      mc_p.l(printf8.o)
    0x080026ec   0x0000002e   Code   RO         4674    i.__ARM_clz         mf_p.l(depilogue.o)
    0x0800271a   0x0000001c   Code   RO         4262    i.__ARM_common_switch8  a4988.o
    0x08002736   0x0000000e   Code   RO         4699    i.__scatterload_copy  mc_p.l(handlers.o)
    0x08002744   0x00000002   Code   RO         4700    i.__scatterload_null  mc_p.l(handlers.o)
    0x08002746   0x0000000e   Code   RO         4701    i.__scatterload_zeroinit  mc_p.l(handlers.o)
    0x08002754   0x00000428   Code   RO         4589    i._printf_core      mc_p.l(printf8.o)
    0x08002b7c   0x00000020   Code   RO         4590    i._printf_post_padding  mc_p.l(printf8.o)
    0x08002b9c   0x0000002c   Code   RO         4591    i._printf_pre_padding  mc_p.l(printf8.o)
    0x08002bc8   0x0000000a   Code   RO         4593    i._sputc            mc_p.l(printf8.o)
    0x08002bd2   0x00000002   PAD
    0x08002bd4   0x00000044   Code   RO          290    i.comm_print_cmd    communication.o
    0x08002c18   0x00000050   Code   RO          291    i.comm_receivedByte  communication.o
    0x08002c68   0x000009a4   Code   RO          292    i.communication_callback  communication.o
    0x0800360c   0x0000002c   Code   RO         4342    i.crc8              crc8.o
    0x08003638   0x00000040   Code   RO         3928    i.fputc             uart.o
    0x08003678   0x0000004c   Code   RO         4343    i.init_crc8         crc8.o
    0x080036c4   0x00000098   Code   RO          139    i.main              main.o
    0x0800375c   0x0000002a   Data   RO         3929    .constdata          uart.o
    0x08003786   0x00000040   Data   RO         4695    .constdata          mc_p.l(ctype_c.o)
    0x080037c6   0x00000002   PAD
    0x080037c8   0x00000020   Data   RO         4697    Region$$Table       anon$$obj.o


    Execution Region RW_IRAM1 (Base: 0x20000000, Size: 0x000005e8, Max: 0x00002000, ABSOLUTE)

    Base Addr    Size         Type   Attr      Idx    E Section Name        Object

    0x20000000   0x00000014   Data   RW            6    .data               system_stm32f0xx.o
    0x20000014   0x00000008   Data   RW          140    .data               main.o
    0x2000001c   0x00000002   Data   RW          294    .data               communication.o
    0x2000001e   0x00000010   Data   RW         2162    .data               stm32f0xx_rcc.o
    0x2000002e   0x00000002   PAD
    0x20000030   0x00000018   Data   RW         3930    .data               uart.o
    0x20000048   0x00000024   Data   RW         3988    .data               bldc.o
    0x2000006c   0x00000010   Data   RW         4129    .data               a4988.o
    0x2000007c   0x00000004   Data   RW         4276    .data               led.o
    0x20000080   0x00000001   Data   RW         4345    .data               crc8.o
    0x20000081   0x00000003   PAD
    0x20000084   0x00000004   Data   RW         4660    .data               mc_p.l(stdout.o)
    0x20000088   0x00000028   Zero   RW          293    .bss                communication.o
    0x200000b0   0x00000014   Zero   RW         3987    .bss                bldc.o
    0x200000c4   0x00000020   Zero   RW         4128    .bss                a4988.o
    0x200000e4   0x00000100   Zero   RW         4344    .bss                crc8.o
    0x200001e4   0x00000004   PAD
    0x200001e8   0x00000400   Zero   RW          128    STACK               startup_stm32f051.o


==============================================================================

Image component sizes


      Code (inc. data)   RO Data    RW Data    ZI Data      Debug   Object Name

      1468        162          0         16         32      12786   a4988.o
      1516        200          0         36         20      11034   bldc.o
      2688        718          0          2         40       4287   communication.o
       120         18          0          1        256       1599   crc8.o
       412         32          0          4          0       3327   led.o
       124         12          0          0          0       1448   limitsw.o
       312         44          0          8          0       8926   main.o
        88         38        192          0       1024        716   startup_stm32f051.o
       260          0          0          0          0       4212   stm32f0xx_gpio.o
       202         28          0          0          0       5049   stm32f0xx_it.o
       112          6          0          0          0        972   stm32f0xx_misc.o
       680         42          0         16          0       3718   stm32f0xx_rcc.o
      1178        162          0          0          0      17168   stm32f0xx_tim.o
       454         22          0          0          0       5529   stm32f0xx_usart.o
       340         24          0         20          0     211601   system_stm32f0xx.o
       376         66         42         24          0       3683   uart.o

    ----------------------------------------------------------------------
     10344       1574        266        132       1376     296055   Object Totals
         0          0         32          0          0          0   (incl. Generated)
        14          0          0          5          4          0   (incl. Padding)

    ----------------------------------------------------------------------

      Code (inc. data)   RO Data    RW Data    ZI Data      Debug   Library Member Name

        60         10          0          0          0         84   __0sscanf.o
        30          0          0          0          0         60   _chval.o
       824         12          0          0          0         84   _scanf.o
       330          0          0          0          0         84   _scanf_int.o
        68          0          0          0          0         76   _sgetc.o
        36          4         64          0          0         60   ctype_c.o
         0          0          0          0          0          0   entry.o
         0          0          0          0          0          0   entry10a.o
         0          0          0          0          0          0   entry11a.o
         8          4          0          0          0          0   entry2.o
         4          0          0          0          0          0   entry5.o
         0          0          0          0          0          0   entry7b.o
         0          0          0          0          0          0   entry8b.o
         8          4          0          0          0          0   entry9a.o
        30          0          0          0          0          0   handlers.o
        40          0          0          0          0         72   idiv.o
        36          8          0          0          0         68   init.o
        14          0          0          0          0         68   isspace_c.o
         0          0          0          0          0          0   iusefp.o
        32          0          0          0          0         68   llshl.o
        34          0          0          0          0         68   llushr.o
        26          0          0          0          0         72   memcmp.o
        36          0          0          0          0        100   memseta.o
      1222         56          0          0          0        468   printf8.o
        44          8          0          0          0         84   scanf_char.o
         0          0          0          4          0          0   stdout.o
        40          0          0          0          0         68   strncat.o
        44          0          0          0          0         72   uidiv.o
        96          0          0          0          0         84   uldiv.o
       240          6          0          0          0         84   ddiv.o
       236          0          0          0          0        216   depilogue.o
        60         10          0          0          0         68   dfixui.o
        28          4          0          0          0         68   dfltui.o

    ----------------------------------------------------------------------
      3636        126         66          4          0       2176   Library Totals
        10          0          2          0          0          0   (incl. Padding)

    ----------------------------------------------------------------------

      Code (inc. data)   RO Data    RW Data    ZI Data      Debug   Library Name

      3062        106         64          4          0       1740   mc_p.l
       564         20          0          0          0        436   mf_p.l

    ----------------------------------------------------------------------
      3636        126         66          4          0       2176   Library Totals

    ----------------------------------------------------------------------

==============================================================================


      Code (inc. data)   RO Data    RW Data    ZI Data      Debug   

     13980       1700        332        136       1376     292267   Grand Totals
     13980       1700        332        136       1376     292267   ELF Image Totals
     13980       1700        332        136          0          0   ROM Totals

==============================================================================

    Total RO  Size (Code + RO Data)                14312 (  13.98kB)
    Total RW  Size (RW Data + ZI Data)              1512 (   1.48kB)
    Total ROM Size (Code + RO Data + RW Data)      14448 (  14.11kB)

==============================================================================

